 dlltest

 Timestamp is 54dd86a9 (Fri Feb 13 00:07:53 2015)

 Preferred load address is 00400000

 Start         Length     Name                   Class
 0001:00000000 000127f6H .text                   CODE
 0001:000127f6 0000079aH .text$x                 CODE
 0001:00012f90 00000100H .text$yc                CODE
 0001:00013090 000000a7H .text$yd                CODE
 0002:00000000 00000510H .idata$5                DATA
 0002:00000510 00003268H .rdata                  DATA
 0002:00003778 00000066H .rdata$debug            DATA
 0002:000037e0 00001540H .rdata$r                DATA
 0002:00004d20 0000010cH .rdata$sxdata           DATA
 0002:00004e2c 00000004H .rtc$IAA                DATA
 0002:00004e30 00000004H .rtc$IZZ                DATA
 0002:00004e34 00000004H .rtc$TAA                DATA
 0002:00004e38 00000004H .rtc$TZZ                DATA
 0002:00004e3c 00000dd0H .xdata$x                DATA
 0002:00005c0c 00000028H .idata$2                DATA
 0002:00005c34 00000014H .idata$3                DATA
 0002:00005c48 00000510H .idata$4                DATA
 0002:00006158 00004f7eH .idata$6                DATA
 0002:0000b0e0 0000005aH .edata                  DATA
 0003:00000000 00000004H .CRT$XCA                DATA
 0003:00000004 00000004H .CRT$XCAA               DATA
 0003:00000008 0000002cH .CRT$XCC                DATA
 0003:00000034 00000004H .CRT$XCU                DATA
 0003:00000038 00000004H .CRT$XCZ                DATA
 0003:0000003c 00000004H .CRT$XIA                DATA
 0003:00000040 0000000cH .CRT$XIC                DATA
 0003:0000004c 00000004H .CRT$XIY                DATA
 0003:00000050 00000004H .CRT$XIZ                DATA
 0003:00000054 00000004H .CRT$XPA                DATA
 0003:00000058 00000004H .CRT$XPX                DATA
 0003:0000005c 00000004H .CRT$XPZ                DATA
 0003:00000060 00000004H .CRT$XTA                DATA
 0003:00000064 00000004H .CRT$XTB                DATA
 0003:00000068 00000004H .CRT$XTZ                DATA
 0003:00000070 000035f0H .data                   DATA
 0003:00003660 00001b08H .bss                    DATA

  Address         Publics by Value              Rva+Base     Lib:Object

 0000:00000000       __except_list              00000000     <absolute>
 0000:00000043       ___safe_se_handler_count   00000043     <absolute>
 0001:00000000       ?assign@?$char_traits@D@std@@SAXAADABD@Z 00401000 f i dlltest.obj
 0001:0000000d       ?length@?$char_traits@D@std@@SAIPBD@Z 0040100d f i dlltest.obj
 0001:00000012       ?copy@?$char_traits@D@std@@SAPADPADPBDI@Z 00401012 f i dlltest.obj
 0001:00000017       ?move@?$char_traits@D@std@@SAPADPADPBDI@Z 00401017 f i dlltest.obj
 0001:0000001c       ?to_int_type@?$char_traits@D@std@@SAHABD@Z 0040101c f i dlltest.obj
 0001:00000024       ?eq_int_type@?$char_traits@D@std@@SA_NABH0@Z 00401024 f i dlltest.obj
 0001:00000036       ?eof@?$char_traits@D@std@@SAHXZ 00401036 f i dlltest.obj
 0001:0000003a       ??1?$ClonableImpl@V?$BlockCipherFinal@$0A@VEnc@Rijndael@CryptoPP@@@CryptoPP@@VEnc@Rijndael@2@@CryptoPP@@UAE@XZ 0040103a f i dlltest.obj
 0001:00000040       ??1?$AlgorithmImpl@VECB_OneWay@CryptoPP@@V?$CipherModeFinalTemplate_CipherHolder@V?$BlockCipherFinal@$0A@VBase@DES_EDE3@CryptoPP@@@CryptoPP@@VECB_OneWay@2@@2@@CryptoPP@@UAE@XZ 00401040 f i dlltest.obj
 0001:00000046       ??1?$ClonableImpl@V?$BlockCipherFinal@$0A@VBase@DES_EDE3@CryptoPP@@@CryptoPP@@VBase@DES_EDE3@2@@CryptoPP@@UAE@XZ 00401046 f i dlltest.obj
 0001:0000004c       ??1?$CFB_RequireFullDataBlocks@V?$CFB_EncryptionTemplate@V?$AbstractPolicyHolder@VCFB_CipherAbstractPolicy@CryptoPP@@VCFB_ModePolicy@2@@CryptoPP@@@CryptoPP@@@CryptoPP@@UAE@XZ 0040104c f i dlltest.obj
 0001:00000052       ??1?$CFB_RequireFullDataBlocks@V?$CFB_DecryptionTemplate@V?$AbstractPolicyHolder@VCFB_CipherAbstractPolicy@CryptoPP@@VCFB_ModePolicy@2@@CryptoPP@@@CryptoPP@@@CryptoPP@@UAE@XZ 00401052 f i dlltest.obj
 0001:00000058       ??1?$DL_SignatureSchemeBase@VPK_Signer@CryptoPP@@V?$DL_PrivateKey@VInteger@CryptoPP@@@2@@CryptoPP@@UAE@XZ 00401058 f i dlltest.obj
 0001:00000059       ??1?$DL_SignatureSchemeBase@VPK_Verifier@CryptoPP@@V?$DL_PublicKey@VInteger@CryptoPP@@@2@@CryptoPP@@UAE@XZ 00401059 f i dlltest.obj
 0001:0000005a       _SetNewAndDeleteFromCryptoPP 0040105a f   dlltest.obj
 0001:0000006d       ??2@YAPAXI@Z               0040106d f   dlltest.obj
 0001:00000073       ??3@YAXPAX@Z               00401073 f   dlltest.obj
 0001:00000079       ?size@?$basic_string@DU?$char_traits@D@std@@V?$allocator@D@2@@std@@QBEIXZ 00401079 f i dlltest.obj
 0001:0000007d       ??0id@locale@std@@QAE@I@Z  0040107d f i dlltest.obj
 0001:00000088       ??6?$basic_ostream@DU?$char_traits@D@std@@@std@@QAEAAV01@P6AAAV01@AAV01@@Z@Z 00401088 f i dlltest.obj
 0001:00000091       ?rdbuf@?$basic_ios@DU?$char_traits@D@std@@@std@@QBEPAV?$basic_streambuf@DU?$char_traits@D@std@@@2@XZ 00401091 f i dlltest.obj
 0001:00000095       ??0?$SecBlock@EV?$AllocatorWithCleanup@E$0A@@CryptoPP@@@CryptoPP@@QAE@I@Z 00401095 f i dlltest.obj
 0001:000000b1       ??1?$SecBlock@EV?$AllocatorWithCleanup@E$0A@@CryptoPP@@@CryptoPP@@QAE@XZ 004010b1 f i dlltest.obj
 0001:000000be       ?New@?$SecBlock@EV?$AllocatorWithCleanup@E$0A@@CryptoPP@@@CryptoPP@@QAEXI@Z 004010be f i dlltest.obj
 0001:000000e0       ??0?$member_ptr@VAlgorithmParametersBase@CryptoPP@@@CryptoPP@@QAE@PAVAlgorithmParametersBase@1@@Z 004010e0 f i dlltest.obj
 0001:000000eb       ?release@?$member_ptr@VAlgorithmParametersBase@CryptoPP@@@CryptoPP@@QAEPAVAlgorithmParametersBase@2@XZ 004010eb f i dlltest.obj
 0001:000000f1       ?rdstate@ios_base@std@@QBEHXZ 004010f1 f i dlltest.obj
 0001:000000f5       ?good@ios_base@std@@QBE_NXZ 004010f5 f i dlltest.obj
 0001:000000fe       ?fail@ios_base@std@@QBE_NXZ 004010fe f i dlltest.obj
 0001:0000010a       ?flags@ios_base@std@@QBEHXZ 0040110a f i dlltest.obj
 0001:0000010e       ?width@ios_base@std@@QBEHXZ 0040110e f i dlltest.obj
 0001:00000112       ?width@ios_base@std@@QAEHH@Z 00401112 f i dlltest.obj
 0001:0000011f       ??0?$ClonableImpl@V?$BlockCipherFinal@$0A@VEnc@Rijndael@CryptoPP@@@CryptoPP@@VEnc@Rijndael@2@@CryptoPP@@QAE@XZ 0040111f f i dlltest.obj
 0001:0000012c       ??0?$AlgorithmImpl@VECB_OneWay@CryptoPP@@V?$CipherModeFinalTemplate_CipherHolder@V?$BlockCipherFinal@$0A@VBase@DES_EDE3@CryptoPP@@@CryptoPP@@VECB_OneWay@2@@2@@CryptoPP@@QAE@XZ 0040112c f i dlltest.obj
 0001:00000139       ??0?$CFB_RequireFullDataBlocks@V?$CFB_EncryptionTemplate@V?$AbstractPolicyHolder@VCFB_CipherAbstractPolicy@CryptoPP@@VCFB_ModePolicy@2@@CryptoPP@@@CryptoPP@@@CryptoPP@@QAE@XZ 00401139 f i dlltest.obj
 0001:0000015a       ?MandatoryBlockSize@?$CFB_RequireFullDataBlocks@V?$CFB_EncryptionTemplate@V?$AbstractPolicyHolder@VCFB_CipherAbstractPolicy@CryptoPP@@VCFB_ModePolicy@2@@CryptoPP@@@CryptoPP@@@CryptoPP@@UBEIXZ 0040115a f i dlltest.obj
 0001:0000015f       ??0?$CFB_RequireFullDataBlocks@V?$CFB_DecryptionTemplate@V?$AbstractPolicyHolder@VCFB_CipherAbstractPolicy@CryptoPP@@VCFB_ModePolicy@2@@CryptoPP@@@CryptoPP@@@CryptoPP@@QAE@XZ 0040115f f i dlltest.obj
 0001:00000180       ?MandatoryBlockSize@?$CFB_RequireFullDataBlocks@V?$CFB_DecryptionTemplate@V?$AbstractPolicyHolder@VCFB_CipherAbstractPolicy@CryptoPP@@VCFB_ModePolicy@2@@CryptoPP@@@CryptoPP@@@CryptoPP@@UBEIXZ 00401180 f i dlltest.obj
 0001:00000185       ??1ConstByteArrayParameter@CryptoPP@@QAE@XZ 00401185 f i dlltest.obj
 0001:00000195       ??1StringStore@CryptoPP@@UAE@XZ 00401195 f i dlltest.obj
 0001:0000019b       ??_E?$CFB_RequireFullDataBlocks@V?$CFB_EncryptionTemplate@V?$AbstractPolicyHolder@VCFB_CipherAbstractPolicy@CryptoPP@@VCFB_ModePolicy@2@@CryptoPP@@@CryptoPP@@@CryptoPP@@UAEPAXI@Z 0040119b f i dlltest.obj
 0001:0000019b       ??_G?$CFB_RequireFullDataBlocks@V?$CFB_EncryptionTemplate@V?$AbstractPolicyHolder@VCFB_CipherAbstractPolicy@CryptoPP@@VCFB_ModePolicy@2@@CryptoPP@@@CryptoPP@@@CryptoPP@@UAEPAXI@Z 0040119b f i dlltest.obj
 0001:000001b8       ??_E?$CFB_RequireFullDataBlocks@V?$CFB_DecryptionTemplate@V?$AbstractPolicyHolder@VCFB_CipherAbstractPolicy@CryptoPP@@VCFB_ModePolicy@2@@CryptoPP@@@CryptoPP@@@CryptoPP@@UAEPAXI@Z 004011b8 f i dlltest.obj
 0001:000001b8       ??_G?$CFB_RequireFullDataBlocks@V?$CFB_DecryptionTemplate@V?$AbstractPolicyHolder@VCFB_CipherAbstractPolicy@CryptoPP@@VCFB_ModePolicy@2@@CryptoPP@@@CryptoPP@@@CryptoPP@@UAEPAXI@Z 004011b8 f i dlltest.obj
 0001:000001d5       ??0?$DL_Base@V?$DL_PrivateKey@VInteger@CryptoPP@@@CryptoPP@@@CryptoPP@@QAE@XZ 004011d5 f i dlltest.obj
 0001:000001d8       ??0?$DL_Base@V?$DL_PublicKey@VInteger@CryptoPP@@@CryptoPP@@@CryptoPP@@QAE@XZ 004011d8 f i dlltest.obj
 0001:000001db       ?_Myptr@?$basic_string@DU?$char_traits@D@std@@V?$allocator@D@2@@std@@QAEPADXZ 004011db f i dlltest.obj
 0001:000001e9       ?_Myptr@?$basic_string@DU?$char_traits@D@std@@V?$allocator@D@2@@std@@QBEPBDXZ 004011e9 f i dlltest.obj
 0001:000001f7       ??0?$allocator@D@std@@QAE@XZ 004011f7 f i dlltest.obj
 0001:000001fa       ??0?$allocator@D@std@@QAE@ABV01@@Z 004011fa f i dlltest.obj
 0001:000001ff       ?clear@?$basic_ios@DU?$char_traits@D@std@@@std@@QAEXH_N@Z 004011ff f i dlltest.obj
 0001:00000219       ?pubsync@?$basic_streambuf@DU?$char_traits@D@std@@@std@@QAEHXZ 00401219 f i dlltest.obj
 0001:0000021e       ?_Unlock@?$basic_streambuf@DU?$char_traits@D@std@@@std@@QAEXXZ 0040121e f i dlltest.obj
 0001:00000226       ?pptr@?$basic_streambuf@DU?$char_traits@D@std@@@std@@IBEPADXZ 00401226 f i dlltest.obj
 0001:0000022c       ?epptr@?$basic_streambuf@DU?$char_traits@D@std@@@std@@IBEPADXZ 0040122c f i dlltest.obj
 0001:00000237       ?AccessKey@?$DL_ObjectImplBase@V?$DL_SignerBase@VInteger@CryptoPP@@@CryptoPP@@U?$DL_SignatureSchemeOptions@UDSA@CryptoPP@@UDL_Keys_DSA@2@V?$DL_Algorithm_GDSA@VInteger@CryptoPP@@@2@VDL_SignatureMessageEncodingMethod_DSA@2@VSHA1@2@@2@V?$DL_PrivateKey_WithSignaturePairwiseConsistencyTest@V?$DL_PrivateKey_GFP@VDL_GroupParameters_DSA@CryptoPP@@@CryptoPP@@UDSA@2@@2@@CryptoPP@@QAEAAV?$DL_PrivateKey_WithSignaturePairwiseConsistencyTest@V?$DL_PrivateKey_GFP@VDL_GroupParameters_DSA@CryptoPP@@@CryptoPP@@UDSA@2@@2@XZ 00401237 f i dlltest.obj
 0001:0000023b       ?AccessKey@?$DL_ObjectImplBase@V?$DL_VerifierBase@VInteger@CryptoPP@@@CryptoPP@@U?$DL_SignatureSchemeOptions@UDSA@CryptoPP@@UDL_Keys_DSA@2@V?$DL_Algorithm_GDSA@VInteger@CryptoPP@@@2@VDL_SignatureMessageEncodingMethod_DSA@2@VSHA1@2@@2@V?$DL_PublicKey_GFP@VDL_GroupParameters_DSA@CryptoPP@@@2@@CryptoPP@@QAEAAV?$DL_PublicKey_GFP@VDL_GroupParameters_DSA@CryptoPP@@@2@XZ 0040123b f i dlltest.obj
 0001:0000023f       ??Bsentry@?$basic_ostream@DU?$char_traits@D@std@@@std@@QBE_NXZ 0040123f f i dlltest.obj
 0001:00000243       ??0?$ClonableImpl@V?$BlockCipherFinal@$0A@VBase@DES_EDE3@CryptoPP@@@CryptoPP@@VBase@DES_EDE3@2@@CryptoPP@@QAE@XZ 00401243 f i dlltest.obj
 0001:00000250       ?_Eos@?$basic_string@DU?$char_traits@D@std@@V?$allocator@D@2@@std@@IAEXI@Z 00401250 f i dlltest.obj
 0001:0000026c       ?deallocate@?$allocator@D@std@@QAEXPADI@Z 0040126c f i dlltest.obj
 0001:0000027a       ?tie@?$basic_ios@DU?$char_traits@D@std@@@std@@QBEPAV?$basic_ostream@DU?$char_traits@D@std@@@2@XZ 0040127a f i dlltest.obj
 0001:0000027e       ?_Lock@?$basic_streambuf@DU?$char_traits@D@std@@@std@@QAEXXZ 0040127e f i dlltest.obj
 0001:00000286       ?_Pninc@?$basic_streambuf@DU?$char_traits@D@std@@@std@@IAEPADXZ 00401286 f i dlltest.obj
 0001:00000296       ??0_Sentry_base@?$basic_ostream@DU?$char_traits@D@std@@@std@@QAE@AAV12@@Z 00401296 f i dlltest.obj
 0001:000002ba       ??1_Sentry_base@?$basic_ostream@DU?$char_traits@D@std@@@std@@QAE@XZ 004012ba f i dlltest.obj
 0001:000002d2       ?_Inside@?$basic_string@DU?$char_traits@D@std@@V?$allocator@D@2@@std@@IAE_NPBD@Z 004012d2 f i dlltest.obj
 0001:00000306       ?max_size@?$allocator@D@std@@QBEIXZ 00401306 f i dlltest.obj
 0001:0000030a       ??1?$member_ptr@VAlgorithmParametersBase@CryptoPP@@@CryptoPP@@QAE@XZ 0040130a f i dlltest.obj
 0001:00000317       ?reset@?$member_ptr@VAlgorithmParametersBase@CryptoPP@@@CryptoPP@@QAEXPAVAlgorithmParametersBase@2@@Z 00401317 f i dlltest.obj
 0001:00000330       ??$_Allocate@D@std@@YGPADIPAD@Z 00401330 f i dlltest.obj
 0001:0000033e       ?fill@?$basic_ios@DU?$char_traits@D@std@@@std@@QBEDXZ 0040133e f i dlltest.obj
 0001:00000342       ?sputn@?$basic_streambuf@DU?$char_traits@D@std@@@std@@QAEHPBDH@Z 00401342 f i dlltest.obj
 0001:00000347       ??C?$member_ptr@VAlgorithmParametersBase@CryptoPP@@@CryptoPP@@QAEPAVAlgorithmParametersBase@1@XZ 00401347 f i dlltest.obj
 0001:0000034a       ??_E?$CFB_RequireFullDataBlocks@V?$CFB_EncryptionTemplate@V?$AbstractPolicyHolder@VCFB_CipherAbstractPolicy@CryptoPP@@VCFB_ModePolicy@2@@CryptoPP@@@CryptoPP@@@CryptoPP@@W3AEPAXI@Z 0040134a f i dlltest.obj
 0001:00000352       ??_E?$CFB_RequireFullDataBlocks@V?$CFB_EncryptionTemplate@V?$AbstractPolicyHolder@VCFB_CipherAbstractPolicy@CryptoPP@@VCFB_ModePolicy@2@@CryptoPP@@@CryptoPP@@@CryptoPP@@WBI@AEPAXI@Z 00401352 f i dlltest.obj
 0001:0000035a       ??_E?$CFB_RequireFullDataBlocks@V?$CFB_DecryptionTemplate@V?$AbstractPolicyHolder@VCFB_CipherAbstractPolicy@CryptoPP@@VCFB_ModePolicy@2@@CryptoPP@@@CryptoPP@@@CryptoPP@@W3AEPAXI@Z 0040135a f i dlltest.obj
 0001:00000362       ??_E?$CFB_RequireFullDataBlocks@V?$CFB_DecryptionTemplate@V?$AbstractPolicyHolder@VCFB_CipherAbstractPolicy@CryptoPP@@VCFB_ModePolicy@2@@CryptoPP@@@CryptoPP@@@CryptoPP@@WBI@AEPAXI@Z 00401362 f i dlltest.obj
 0001:0000036a       ??1?$BlockCipherFinal@$0A@VEnc@Rijndael@CryptoPP@@@CryptoPP@@UAE@XZ 0040136a f i dlltest.obj
 0001:00000370       ??1?$BlockCipherFinal@$0A@VBase@DES_EDE3@CryptoPP@@@CryptoPP@@UAE@XZ 00401370 f i dlltest.obj
 0001:00000376       ??1?$ConcretePolicyHolder@VEmpty@CryptoPP@@V?$CFB_RequireFullDataBlocks@V?$CFB_EncryptionTemplate@V?$AbstractPolicyHolder@VCFB_CipherAbstractPolicy@CryptoPP@@VCFB_ModePolicy@2@@CryptoPP@@@CryptoPP@@@2@VCFB_CipherAbstractPolicy@2@@CryptoPP@@UAE@XZ 00401376 f i dlltest.obj
 0001:0000037c       ??1?$ConcretePolicyHolder@VEmpty@CryptoPP@@V?$CFB_RequireFullDataBlocks@V?$CFB_DecryptionTemplate@V?$AbstractPolicyHolder@VCFB_CipherAbstractPolicy@CryptoPP@@VCFB_ModePolicy@2@@CryptoPP@@@CryptoPP@@@2@VCFB_CipherAbstractPolicy@2@@CryptoPP@@UAE@XZ 0040137c f i dlltest.obj
 0001:00000382       ??1?$DL_SignerBase@VInteger@CryptoPP@@@CryptoPP@@UAE@XZ 00401382 f i dlltest.obj
 0001:00000383       ??1?$DL_VerifierBase@VInteger@CryptoPP@@@CryptoPP@@UAE@XZ 00401383 f i dlltest.obj
 0001:00000384       ?c_str@?$basic_string@DU?$char_traits@D@std@@V?$allocator@D@2@@std@@QBEPBDXZ 00401384 f i dlltest.obj
 0001:00000392       ?setstate@?$basic_ios@DU?$char_traits@D@std@@@std@@QAEXH_N@Z 00401392 f i dlltest.obj
 0001:000003ad       ??0?$BlockCipherFinal@$0A@VEnc@Rijndael@CryptoPP@@@CryptoPP@@QAE@XZ 004013ad f i dlltest.obj
 0001:000003c7       ?IsForwardTransformation@?$BlockCipherFinal@$0A@VEnc@Rijndael@CryptoPP@@@CryptoPP@@UBE_NXZ 004013c7 f i dlltest.obj
 0001:000003ca       ??_E?$BlockCipherFinal@$0A@VEnc@Rijndael@CryptoPP@@@CryptoPP@@W3AEPAXI@Z 004013ca f i dlltest.obj
 0001:000003d2       ??_E?$BlockCipherFinal@$0A@VEnc@Rijndael@CryptoPP@@@CryptoPP@@UAEPAXI@Z 004013d2 f i dlltest.obj
 0001:000003d2       ??_G?$BlockCipherFinal@$0A@VEnc@Rijndael@CryptoPP@@@CryptoPP@@UAEPAXI@Z 004013d2 f i dlltest.obj
 0001:000003ef       ??0?$ConcretePolicyHolder@VEmpty@CryptoPP@@V?$CFB_RequireFullDataBlocks@V?$CFB_EncryptionTemplate@V?$AbstractPolicyHolder@VCFB_CipherAbstractPolicy@CryptoPP@@VCFB_ModePolicy@2@@CryptoPP@@@CryptoPP@@@2@VCFB_CipherAbstractPolicy@2@@CryptoPP@@QAE@XZ 004013ef f i dlltest.obj
 0001:0000040f       ?GetPolicy@?$ConcretePolicyHolder@VEmpty@CryptoPP@@V?$CFB_RequireFullDataBlocks@V?$CFB_EncryptionTemplate@V?$AbstractPolicyHolder@VCFB_CipherAbstractPolicy@CryptoPP@@VCFB_ModePolicy@2@@CryptoPP@@@CryptoPP@@@2@VCFB_CipherAbstractPolicy@2@@CryptoPP@@MBEABVCFB_CipherAbstractPolicy@2@XZ 0040140f f i dlltest.obj
 0001:0000041b       ?AccessPolicy@?$ConcretePolicyHolder@VEmpty@CryptoPP@@V?$CFB_RequireFullDataBlocks@V?$CFB_EncryptionTemplate@V?$AbstractPolicyHolder@VCFB_CipherAbstractPolicy@CryptoPP@@VCFB_ModePolicy@2@@CryptoPP@@@CryptoPP@@@2@VCFB_CipherAbstractPolicy@2@@CryptoPP@@MAEAAVCFB_CipherAbstractPolicy@2@XZ 0040141b f i dlltest.obj
 0001:00000427       ??_E?$ConcretePolicyHolder@VEmpty@CryptoPP@@V?$CFB_RequireFullDataBlocks@V?$CFB_EncryptionTemplate@V?$AbstractPolicyHolder@VCFB_CipherAbstractPolicy@CryptoPP@@VCFB_ModePolicy@2@@CryptoPP@@@CryptoPP@@@2@VCFB_CipherAbstractPolicy@2@@CryptoPP@@W3AEPAXI@Z 00401427 f i dlltest.obj
 0001:0000042f       ??_E?$ConcretePolicyHolder@VEmpty@CryptoPP@@V?$CFB_RequireFullDataBlocks@V?$CFB_EncryptionTemplate@V?$AbstractPolicyHolder@VCFB_CipherAbstractPolicy@CryptoPP@@VCFB_ModePolicy@2@@CryptoPP@@@CryptoPP@@@2@VCFB_CipherAbstractPolicy@2@@CryptoPP@@WBI@AEPAXI@Z 0040142f f i dlltest.obj
 0001:00000437       ??0?$ConcretePolicyHolder@VEmpty@CryptoPP@@V?$CFB_RequireFullDataBlocks@V?$CFB_DecryptionTemplate@V?$AbstractPolicyHolder@VCFB_CipherAbstractPolicy@CryptoPP@@VCFB_ModePolicy@2@@CryptoPP@@@CryptoPP@@@2@VCFB_CipherAbstractPolicy@2@@CryptoPP@@QAE@XZ 00401437 f i dlltest.obj
 0001:00000457       ?GetPolicy@?$ConcretePolicyHolder@VEmpty@CryptoPP@@V?$CFB_RequireFullDataBlocks@V?$CFB_DecryptionTemplate@V?$AbstractPolicyHolder@VCFB_CipherAbstractPolicy@CryptoPP@@VCFB_ModePolicy@2@@CryptoPP@@@CryptoPP@@@2@VCFB_CipherAbstractPolicy@2@@CryptoPP@@MBEABVCFB_CipherAbstractPolicy@2@XZ 00401457 f i dlltest.obj
 0001:00000463       ?AccessPolicy@?$ConcretePolicyHolder@VEmpty@CryptoPP@@V?$CFB_RequireFullDataBlocks@V?$CFB_DecryptionTemplate@V?$AbstractPolicyHolder@VCFB_CipherAbstractPolicy@CryptoPP@@VCFB_ModePolicy@2@@CryptoPP@@@CryptoPP@@@2@VCFB_CipherAbstractPolicy@2@@CryptoPP@@MAEAAVCFB_CipherAbstractPolicy@2@XZ 00401463 f i dlltest.obj
 0001:0000046f       ??_E?$ConcretePolicyHolder@VEmpty@CryptoPP@@V?$CFB_RequireFullDataBlocks@V?$CFB_DecryptionTemplate@V?$AbstractPolicyHolder@VCFB_CipherAbstractPolicy@CryptoPP@@VCFB_ModePolicy@2@@CryptoPP@@@CryptoPP@@@2@VCFB_CipherAbstractPolicy@2@@CryptoPP@@W3AEPAXI@Z 0040146f f i dlltest.obj
 0001:00000477       ??_E?$ConcretePolicyHolder@VEmpty@CryptoPP@@V?$CFB_RequireFullDataBlocks@V?$CFB_DecryptionTemplate@V?$AbstractPolicyHolder@VCFB_CipherAbstractPolicy@CryptoPP@@VCFB_ModePolicy@2@@CryptoPP@@@CryptoPP@@@2@VCFB_CipherAbstractPolicy@2@@CryptoPP@@WBI@AEPAXI@Z 00401477 f i dlltest.obj
 0001:0000047f       ??_E?$ConcretePolicyHolder@VEmpty@CryptoPP@@V?$CFB_RequireFullDataBlocks@V?$CFB_EncryptionTemplate@V?$AbstractPolicyHolder@VCFB_CipherAbstractPolicy@CryptoPP@@VCFB_ModePolicy@2@@CryptoPP@@@CryptoPP@@@2@VCFB_CipherAbstractPolicy@2@@CryptoPP@@UAEPAXI@Z 0040147f f i dlltest.obj
 0001:0000047f       ??_G?$ConcretePolicyHolder@VEmpty@CryptoPP@@V?$CFB_RequireFullDataBlocks@V?$CFB_EncryptionTemplate@V?$AbstractPolicyHolder@VCFB_CipherAbstractPolicy@CryptoPP@@VCFB_ModePolicy@2@@CryptoPP@@@CryptoPP@@@2@VCFB_CipherAbstractPolicy@2@@CryptoPP@@UAEPAXI@Z 0040147f f i dlltest.obj
 0001:0000049c       ??_G?$ConcretePolicyHolder@VEmpty@CryptoPP@@V?$CFB_RequireFullDataBlocks@V?$CFB_DecryptionTemplate@V?$AbstractPolicyHolder@VCFB_CipherAbstractPolicy@CryptoPP@@VCFB_ModePolicy@2@@CryptoPP@@@CryptoPP@@@2@VCFB_CipherAbstractPolicy@2@@CryptoPP@@UAEPAXI@Z 0040149c f i dlltest.obj
 0001:0000049c       ??_E?$ConcretePolicyHolder@VEmpty@CryptoPP@@V?$CFB_RequireFullDataBlocks@V?$CFB_DecryptionTemplate@V?$AbstractPolicyHolder@VCFB_CipherAbstractPolicy@CryptoPP@@VCFB_ModePolicy@2@@CryptoPP@@@CryptoPP@@@2@VCFB_CipherAbstractPolicy@2@@CryptoPP@@UAEPAXI@Z 0040149c f i dlltest.obj
 0001:000004b9       ??0?$DL_SignatureSchemeBase@VPK_Signer@CryptoPP@@V?$DL_PrivateKey@VInteger@CryptoPP@@@2@@CryptoPP@@QAE@XZ 004014b9 f i dlltest.obj
 0001:000004e8       ??0?$DL_SignatureSchemeBase@VPK_Verifier@CryptoPP@@V?$DL_PublicKey@VInteger@CryptoPP@@@2@@CryptoPP@@QAE@XZ 004014e8 f i dlltest.obj
 0001:00000517       ?_Tidy@?$basic_string@DU?$char_traits@D@std@@V?$allocator@D@2@@std@@IAEX_NI@Z 00401517 f i dlltest.obj
 0001:00000561       ??0?$_String_val@DV?$allocator@D@std@@@std@@IAE@V?$allocator@D@1@@Z 00401561 f i dlltest.obj
 0001:00000566       ?sputc@?$basic_streambuf@DU?$char_traits@D@std@@@std@@QAEHD@Z 00401566 f i dlltest.obj
 0001:000005a3       ??0?$BlockCipherFinal@$0A@VBase@DES_EDE3@CryptoPP@@@CryptoPP@@QAE@XZ 004015a3 f i dlltest.obj
 0001:000005bd       ?IsForwardTransformation@?$BlockCipherFinal@$0A@VBase@DES_EDE3@CryptoPP@@@CryptoPP@@UBE_NXZ 004015bd f i dlltest.obj
 0001:000005c0       ??_E?$BlockCipherFinal@$0A@VBase@DES_EDE3@CryptoPP@@@CryptoPP@@W3AEPAXI@Z 004015c0 f i dlltest.obj
 0001:000005c8       ??_G?$BlockCipherFinal@$0A@VBase@DES_EDE3@CryptoPP@@@CryptoPP@@UAEPAXI@Z 004015c8 f i dlltest.obj
 0001:000005c8       ??_E?$BlockCipherFinal@$0A@VBase@DES_EDE3@CryptoPP@@@CryptoPP@@UAEPAXI@Z 004015c8 f i dlltest.obj
 0001:000005e5       ?erase@?$basic_string@DU?$char_traits@D@std@@V?$allocator@D@2@@std@@QAEAAV12@II@Z 004015e5 f i dlltest.obj
 0001:00000651       ?max_size@?$basic_string@DU?$char_traits@D@std@@V?$allocator@D@2@@std@@QBEIXZ 00401651 f i dlltest.obj
 0001:00000655       ?allocate@?$allocator@D@std@@QAEPADI@Z 00401655 f i dlltest.obj
 0001:00000663       ?data@?$basic_string@DU?$char_traits@D@std@@V?$allocator@D@2@@std@@QBEPBDXZ 00401663 f i dlltest.obj
 0001:00000671       ??$?RVConstByteArrayParameter@CryptoPP@@@AlgorithmParameters@CryptoPP@@QAEAAV01@PBDABVConstByteArrayParameter@1@_N@Z 00401671 f i dlltest.obj
 0001:000006f2       ??_G?$AlgorithmParametersTemplate@VConstByteArrayParameter@CryptoPP@@@CryptoPP@@UAEPAXI@Z 004016f2 f i dlltest.obj
 0001:000006f2       ??_E?$AlgorithmParametersTemplate@VConstByteArrayParameter@CryptoPP@@@CryptoPP@@UAEPAXI@Z 004016f2 f i dlltest.obj
 0001:00000710       ??1?$ObjectHolder@V?$BlockCipherFinal@$0A@VBase@DES_EDE3@CryptoPP@@@CryptoPP@@@CryptoPP@@QAE@XZ 00401710 f i dlltest.obj
 0001:00000716       ??1?$AlgorithmImpl@V?$ConcretePolicyHolder@VEmpty@CryptoPP@@V?$CFB_RequireFullDataBlocks@V?$CFB_EncryptionTemplate@V?$AbstractPolicyHolder@VCFB_CipherAbstractPolicy@CryptoPP@@VCFB_ModePolicy@2@@CryptoPP@@@CryptoPP@@@2@VCFB_CipherAbstractPolicy@2@@CryptoPP@@V?$CipherModeFinalTemplate_CipherHolder@V?$BlockCipherFinal@$0A@VBase@DES_EDE3@CryptoPP@@@CryptoPP@@V?$ConcretePolicyHolder@VEmpty@CryptoPP@@V?$CFB_RequireFullDataBlocks@V?$CFB_EncryptionTemplate@V?$AbstractPolicyHolder@VCFB_CipherAbstractPolicy@CryptoPP@@VCFB_ModePolicy@2@@CryptoPP@@@CryptoPP@@@2@VCFB_CipherAbstractPolicy@2@@2@@2@@CryptoPP@@UAE@XZ 00401716 f i dlltest.obj
 0001:0000071c       ??1?$AlgorithmImpl@V?$ConcretePolicyHolder@VEmpty@CryptoPP@@V?$CFB_RequireFullDataBlocks@V?$CFB_DecryptionTemplate@V?$AbstractPolicyHolder@VCFB_CipherAbstractPolicy@CryptoPP@@VCFB_ModePolicy@2@@CryptoPP@@@CryptoPP@@@2@VCFB_CipherAbstractPolicy@2@@CryptoPP@@V?$CipherModeFinalTemplate_CipherHolder@V?$BlockCipherFinal@$0A@VBase@DES_EDE3@CryptoPP@@@CryptoPP@@V?$ConcretePolicyHolder@VEmpty@CryptoPP@@V?$CFB_RequireFullDataBlocks@V?$CFB_DecryptionTemplate@V?$AbstractPolicyHolder@VCFB_CipherAbstractPolicy@CryptoPP@@VCFB_ModePolicy@2@@CryptoPP@@@CryptoPP@@@2@VCFB_CipherAbstractPolicy@2@@2@@2@@CryptoPP@@UAE@XZ 0040171c f i dlltest.obj
 0001:00000722       ??1?$AlgorithmImpl@V?$DL_SignerBase@VInteger@CryptoPP@@@CryptoPP@@UDSA@2@@CryptoPP@@UAE@XZ 00401722 f i dlltest.obj
 0001:00000723       ??1?$AlgorithmImpl@V?$DL_VerifierBase@VInteger@CryptoPP@@@CryptoPP@@UDSA@2@@CryptoPP@@UAE@XZ 00401723 f i dlltest.obj
 0001:00000724       ??0?$basic_string@DU?$char_traits@D@std@@V?$allocator@D@2@@std@@QAE@XZ 00401724 f i dlltest.obj
 0001:00000739       ??1?$basic_string@DU?$char_traits@D@std@@V?$allocator@D@2@@std@@QAE@XZ 00401739 f i dlltest.obj
 0001:00000743       ?flush@?$basic_ostream@DU?$char_traits@D@std@@@std@@QAEAAV12@XZ 00401743 f i dlltest.obj
 0001:0000077c       ?Clone@?$ClonableImpl@V?$BlockCipherFinal@$0A@VEnc@Rijndael@CryptoPP@@@CryptoPP@@VEnc@Rijndael@2@@CryptoPP@@UBEPAVClonable@2@XZ 0040177c f i dlltest.obj
 0001:000007d7       ?Clone@?$ClonableImpl@V?$BlockCipherFinal@$0A@VBase@DES_EDE3@CryptoPP@@@CryptoPP@@VBase@DES_EDE3@2@@CryptoPP@@UBEPAVClonable@2@XZ 004017d7 f i dlltest.obj
 0001:00000832       ??0?$ObjectHolder@V?$BlockCipherFinal@$0A@VBase@DES_EDE3@CryptoPP@@@CryptoPP@@@CryptoPP@@QAE@XZ 00401832 f i dlltest.obj
 0001:0000083e       ??0?$AlgorithmImpl@V?$ConcretePolicyHolder@VEmpty@CryptoPP@@V?$CFB_RequireFullDataBlocks@V?$CFB_EncryptionTemplate@V?$AbstractPolicyHolder@VCFB_CipherAbstractPolicy@CryptoPP@@VCFB_ModePolicy@2@@CryptoPP@@@CryptoPP@@@2@VCFB_CipherAbstractPolicy@2@@CryptoPP@@V?$CipherModeFinalTemplate_CipherHolder@V?$BlockCipherFinal@$0A@VBase@DES_EDE3@CryptoPP@@@CryptoPP@@V?$ConcretePolicyHolder@VEmpty@CryptoPP@@V?$CFB_RequireFullDataBlocks@V?$CFB_EncryptionTemplate@V?$AbstractPolicyHolder@VCFB_CipherAbstractPolicy@CryptoPP@@VCFB_ModePolicy@2@@CryptoPP@@@CryptoPP@@@2@VCFB_CipherAbstractPolicy@2@@2@@2@@CryptoPP@@QAE@XZ 0040183e f i dlltest.obj
 0001:0000084a       ??0?$AlgorithmImpl@V?$ConcretePolicyHolder@VEmpty@CryptoPP@@V?$CFB_RequireFullDataBlocks@V?$CFB_DecryptionTemplate@V?$AbstractPolicyHolder@VCFB_CipherAbstractPolicy@CryptoPP@@VCFB_ModePolicy@2@@CryptoPP@@@CryptoPP@@@2@VCFB_CipherAbstractPolicy@2@@CryptoPP@@V?$CipherModeFinalTemplate_CipherHolder@V?$BlockCipherFinal@$0A@VBase@DES_EDE3@CryptoPP@@@CryptoPP@@V?$ConcretePolicyHolder@VEmpty@CryptoPP@@V?$CFB_RequireFullDataBlocks@V?$CFB_DecryptionTemplate@V?$AbstractPolicyHolder@VCFB_CipherAbstractPolicy@CryptoPP@@VCFB_ModePolicy@2@@CryptoPP@@@CryptoPP@@@2@VCFB_CipherAbstractPolicy@2@@2@@2@@CryptoPP@@QAE@XZ 0040184a f i dlltest.obj
 0001:00000856       ??0?$DL_SignerBase@VInteger@CryptoPP@@@CryptoPP@@QAE@XZ 00401856 f i dlltest.obj
 0001:00000862       ??0?$DL_VerifierBase@VInteger@CryptoPP@@@CryptoPP@@QAE@XZ 00401862 f i dlltest.obj
 0001:0000086e       ??0sentry@?$basic_ostream@DU?$char_traits@D@std@@@std@@QAE@AAV12@@Z 0040186e f i dlltest.obj
 0001:000008ca       ?_Osfx@?$basic_ostream@DU?$char_traits@D@std@@@std@@QAEXXZ 004018ca f i dlltest.obj
 0001:000008dc       ?_Copy@?$basic_string@DU?$char_traits@D@std@@V?$allocator@D@2@@std@@IAEXII@Z 004018dc f i dlltest.obj
 0001:000009ca       ??$MakeParameters@VConstByteArrayParameter@CryptoPP@@@CryptoPP@@YG?AVAlgorithmParameters@0@PBDABVConstByteArrayParameter@0@_N@Z 004019ca f i dlltest.obj
 0001:00000a27       ??1?$CipherModeFinalTemplate_CipherHolder@V?$BlockCipherFinal@$0A@VBase@DES_EDE3@CryptoPP@@@CryptoPP@@V?$ConcretePolicyHolder@VEmpty@CryptoPP@@V?$CFB_RequireFullDataBlocks@V?$CFB_EncryptionTemplate@V?$AbstractPolicyHolder@VCFB_CipherAbstractPolicy@CryptoPP@@VCFB_ModePolicy@2@@CryptoPP@@@CryptoPP@@@2@VCFB_CipherAbstractPolicy@2@@2@@CryptoPP@@UAE@XZ 00401a27 f i dlltest.obj
 0001:00000a64       ??1?$CipherModeFinalTemplate_CipherHolder@V?$BlockCipherFinal@$0A@VBase@DES_EDE3@CryptoPP@@@CryptoPP@@V?$ConcretePolicyHolder@VEmpty@CryptoPP@@V?$CFB_RequireFullDataBlocks@V?$CFB_DecryptionTemplate@V?$AbstractPolicyHolder@VCFB_CipherAbstractPolicy@CryptoPP@@VCFB_ModePolicy@2@@CryptoPP@@@CryptoPP@@@2@VCFB_CipherAbstractPolicy@2@@2@@CryptoPP@@UAE@XZ 00401a64 f i dlltest.obj
 0001:00000aa1       ??1?$CipherModeFinalTemplate_CipherHolder@V?$BlockCipherFinal@$0A@VBase@DES_EDE3@CryptoPP@@@CryptoPP@@VECB_OneWay@2@@CryptoPP@@UAE@XZ 00401aa1 f i dlltest.obj
 0001:00000ade       ??1?$DL_ObjectImplBase@V?$DL_SignerBase@VInteger@CryptoPP@@@CryptoPP@@U?$DL_SignatureSchemeOptions@UDSA@CryptoPP@@UDL_Keys_DSA@2@V?$DL_Algorithm_GDSA@VInteger@CryptoPP@@@2@VDL_SignatureMessageEncodingMethod_DSA@2@VSHA1@2@@2@V?$DL_PrivateKey_WithSignaturePairwiseConsistencyTest@V?$DL_PrivateKey_GFP@VDL_GroupParameters_DSA@CryptoPP@@@CryptoPP@@UDSA@2@@2@@CryptoPP@@UAE@XZ 00401ade f i dlltest.obj
 0001:00000ae7       ??1?$DL_ObjectImplBase@V?$DL_VerifierBase@VInteger@CryptoPP@@@CryptoPP@@U?$DL_SignatureSchemeOptions@UDSA@CryptoPP@@UDL_Keys_DSA@2@V?$DL_Algorithm_GDSA@VInteger@CryptoPP@@@2@VDL_SignatureMessageEncodingMethod_DSA@2@VSHA1@2@@2@V?$DL_PublicKey_GFP@VDL_GroupParameters_DSA@CryptoPP@@@2@@CryptoPP@@UAE@XZ 00401ae7 f i dlltest.obj
 0001:00000af0       ??0?$CipherModeFinalTemplate_CipherHolder@V?$BlockCipherFinal@$0A@VBase@DES_EDE3@CryptoPP@@@CryptoPP@@V?$ConcretePolicyHolder@VEmpty@CryptoPP@@V?$CFB_RequireFullDataBlocks@V?$CFB_EncryptionTemplate@V?$AbstractPolicyHolder@VCFB_CipherAbstractPolicy@CryptoPP@@VCFB_ModePolicy@2@@CryptoPP@@@CryptoPP@@@2@VCFB_CipherAbstractPolicy@2@@2@@CryptoPP@@QAE@XZ 00401af0 f i dlltest.obj
 0001:00000b4a       ??_E?$CipherModeFinalTemplate_CipherHolder@V?$BlockCipherFinal@$0A@VBase@DES_EDE3@CryptoPP@@@CryptoPP@@V?$ConcretePolicyHolder@VEmpty@CryptoPP@@V?$CFB_RequireFullDataBlocks@V?$CFB_EncryptionTemplate@V?$AbstractPolicyHolder@VCFB_CipherAbstractPolicy@CryptoPP@@VCFB_ModePolicy@2@@CryptoPP@@@CryptoPP@@@2@VCFB_CipherAbstractPolicy@2@@2@@CryptoPP@@W3AEPAXI@Z 00401b4a f i dlltest.obj
 0001:00000b52       ??_E?$CipherModeFinalTemplate_CipherHolder@V?$BlockCipherFinal@$0A@VBase@DES_EDE3@CryptoPP@@@CryptoPP@@V?$ConcretePolicyHolder@VEmpty@CryptoPP@@V?$CFB_RequireFullDataBlocks@V?$CFB_EncryptionTemplate@V?$AbstractPolicyHolder@VCFB_CipherAbstractPolicy@CryptoPP@@VCFB_ModePolicy@2@@CryptoPP@@@CryptoPP@@@2@VCFB_CipherAbstractPolicy@2@@2@@CryptoPP@@WBI@AEPAXI@Z 00401b52 f i dlltest.obj
 0001:00000b5a       ??0?$CipherModeFinalTemplate_CipherHolder@V?$BlockCipherFinal@$0A@VBase@DES_EDE3@CryptoPP@@@CryptoPP@@V?$ConcretePolicyHolder@VEmpty@CryptoPP@@V?$CFB_RequireFullDataBlocks@V?$CFB_DecryptionTemplate@V?$AbstractPolicyHolder@VCFB_CipherAbstractPolicy@CryptoPP@@VCFB_ModePolicy@2@@CryptoPP@@@CryptoPP@@@2@VCFB_CipherAbstractPolicy@2@@2@@CryptoPP@@QAE@XZ 00401b5a f i dlltest.obj
 0001:00000bb4       ??_E?$CipherModeFinalTemplate_CipherHolder@V?$BlockCipherFinal@$0A@VBase@DES_EDE3@CryptoPP@@@CryptoPP@@V?$ConcretePolicyHolder@VEmpty@CryptoPP@@V?$CFB_RequireFullDataBlocks@V?$CFB_DecryptionTemplate@V?$AbstractPolicyHolder@VCFB_CipherAbstractPolicy@CryptoPP@@VCFB_ModePolicy@2@@CryptoPP@@@CryptoPP@@@2@VCFB_CipherAbstractPolicy@2@@2@@CryptoPP@@W3AEPAXI@Z 00401bb4 f i dlltest.obj
 0001:00000bbc       ??_E?$CipherModeFinalTemplate_CipherHolder@V?$BlockCipherFinal@$0A@VBase@DES_EDE3@CryptoPP@@@CryptoPP@@V?$ConcretePolicyHolder@VEmpty@CryptoPP@@V?$CFB_RequireFullDataBlocks@V?$CFB_DecryptionTemplate@V?$AbstractPolicyHolder@VCFB_CipherAbstractPolicy@CryptoPP@@VCFB_ModePolicy@2@@CryptoPP@@@CryptoPP@@@2@VCFB_CipherAbstractPolicy@2@@2@@CryptoPP@@WBI@AEPAXI@Z 00401bbc f i dlltest.obj
 0001:00000bc4       ??0?$CipherModeFinalTemplate_CipherHolder@V?$BlockCipherFinal@$0A@VBase@DES_EDE3@CryptoPP@@@CryptoPP@@VECB_OneWay@2@@CryptoPP@@QAE@XZ 00401bc4 f i dlltest.obj
 0001:00000c18       ??_E?$CipherModeFinalTemplate_CipherHolder@V?$BlockCipherFinal@$0A@VBase@DES_EDE3@CryptoPP@@@CryptoPP@@VECB_OneWay@2@@CryptoPP@@W3AEPAXI@Z 00401c18 f i dlltest.obj
 0001:00000c20       ??_E?$CipherModeFinalTemplate_CipherHolder@V?$BlockCipherFinal@$0A@VBase@DES_EDE3@CryptoPP@@@CryptoPP@@V?$ConcretePolicyHolder@VEmpty@CryptoPP@@V?$CFB_RequireFullDataBlocks@V?$CFB_EncryptionTemplate@V?$AbstractPolicyHolder@VCFB_CipherAbstractPolicy@CryptoPP@@VCFB_ModePolicy@2@@CryptoPP@@@CryptoPP@@@2@VCFB_CipherAbstractPolicy@2@@2@@CryptoPP@@UAEPAXI@Z 00401c20 f i dlltest.obj
 0001:00000c20       ??_G?$CipherModeFinalTemplate_CipherHolder@V?$BlockCipherFinal@$0A@VBase@DES_EDE3@CryptoPP@@@CryptoPP@@V?$ConcretePolicyHolder@VEmpty@CryptoPP@@V?$CFB_RequireFullDataBlocks@V?$CFB_EncryptionTemplate@V?$AbstractPolicyHolder@VCFB_CipherAbstractPolicy@CryptoPP@@VCFB_ModePolicy@2@@CryptoPP@@@CryptoPP@@@2@VCFB_CipherAbstractPolicy@2@@2@@CryptoPP@@UAEPAXI@Z 00401c20 f i dlltest.obj
 0001:00000c3d       ??_E?$CipherModeFinalTemplate_CipherHolder@V?$BlockCipherFinal@$0A@VBase@DES_EDE3@CryptoPP@@@CryptoPP@@V?$ConcretePolicyHolder@VEmpty@CryptoPP@@V?$CFB_RequireFullDataBlocks@V?$CFB_DecryptionTemplate@V?$AbstractPolicyHolder@VCFB_CipherAbstractPolicy@CryptoPP@@VCFB_ModePolicy@2@@CryptoPP@@@CryptoPP@@@2@VCFB_CipherAbstractPolicy@2@@2@@CryptoPP@@UAEPAXI@Z 00401c3d f i dlltest.obj
 0001:00000c3d       ??_G?$CipherModeFinalTemplate_CipherHolder@V?$BlockCipherFinal@$0A@VBase@DES_EDE3@CryptoPP@@@CryptoPP@@V?$ConcretePolicyHolder@VEmpty@CryptoPP@@V?$CFB_RequireFullDataBlocks@V?$CFB_DecryptionTemplate@V?$AbstractPolicyHolder@VCFB_CipherAbstractPolicy@CryptoPP@@VCFB_ModePolicy@2@@CryptoPP@@@CryptoPP@@@2@VCFB_CipherAbstractPolicy@2@@2@@CryptoPP@@UAEPAXI@Z 00401c3d f i dlltest.obj
 0001:00000c5a       ??_G?$CipherModeFinalTemplate_CipherHolder@V?$BlockCipherFinal@$0A@VBase@DES_EDE3@CryptoPP@@@CryptoPP@@VECB_OneWay@2@@CryptoPP@@UAEPAXI@Z 00401c5a f i dlltest.obj
 0001:00000c5a       ??_E?$CipherModeFinalTemplate_CipherHolder@V?$BlockCipherFinal@$0A@VBase@DES_EDE3@CryptoPP@@@CryptoPP@@VECB_OneWay@2@@CryptoPP@@UAEPAXI@Z 00401c5a f i dlltest.obj
 0001:00000c77       ??0?$AlgorithmImpl@V?$DL_SignerBase@VInteger@CryptoPP@@@CryptoPP@@UDSA@2@@CryptoPP@@QAE@XZ 00401c77 f i dlltest.obj
 0001:00000c83       ??0?$AlgorithmImpl@V?$DL_VerifierBase@VInteger@CryptoPP@@@CryptoPP@@UDSA@2@@CryptoPP@@QAE@XZ 00401c83 f i dlltest.obj
 0001:00000c8f       ??1sentry@?$basic_ostream@DU?$char_traits@D@std@@@std@@QAE@XZ 00401c8f f i dlltest.obj
 0001:00000cd8       ?_Grow@?$basic_string@DU?$char_traits@D@std@@V?$allocator@D@2@@std@@IAE_NI_N@Z 00401cd8 f i dlltest.obj
 0001:00000d36       ??$?6U?$char_traits@D@std@@@std@@YAAAV?$basic_ostream@DU?$char_traits@D@std@@@0@AAV10@PBD@Z 00401d36 f i dlltest.obj
 0001:00000e80       ??1?$DL_ObjectImpl@V?$DL_SignerBase@VInteger@CryptoPP@@@CryptoPP@@U?$DL_SignatureSchemeOptions@UDSA@CryptoPP@@UDL_Keys_DSA@2@V?$DL_Algorithm_GDSA@VInteger@CryptoPP@@@2@VDL_SignatureMessageEncodingMethod_DSA@2@VSHA1@2@@2@V?$DL_PrivateKey_WithSignaturePairwiseConsistencyTest@V?$DL_PrivateKey_GFP@VDL_GroupParameters_DSA@CryptoPP@@@CryptoPP@@UDSA@2@@2@@CryptoPP@@UAE@XZ 00401e80 f i dlltest.obj
 0001:00000e89       ??1?$DL_ObjectImpl@V?$DL_VerifierBase@VInteger@CryptoPP@@@CryptoPP@@U?$DL_SignatureSchemeOptions@UDSA@CryptoPP@@UDL_Keys_DSA@2@V?$DL_Algorithm_GDSA@VInteger@CryptoPP@@@2@VDL_SignatureMessageEncodingMethod_DSA@2@VSHA1@2@@2@V?$DL_PublicKey_GFP@VDL_GroupParameters_DSA@CryptoPP@@@2@@CryptoPP@@UAE@XZ 00401e89 f i dlltest.obj
 0001:00000e92       ?put@?$basic_ostream@DU?$char_traits@D@std@@@std@@QAEAAV12@D@Z 00401e92 f i dlltest.obj
 0001:00000f38       ?endl@std@@YAAAV?$basic_ostream@DU?$char_traits@D@std@@@1@AAV21@@Z 00401f38 f i dlltest.obj
 0001:00000f51       ??0?$DL_ObjectImplBase@V?$DL_SignerBase@VInteger@CryptoPP@@@CryptoPP@@U?$DL_SignatureSchemeOptions@UDSA@CryptoPP@@UDL_Keys_DSA@2@V?$DL_Algorithm_GDSA@VInteger@CryptoPP@@@2@VDL_SignatureMessageEncodingMethod_DSA@2@VSHA1@2@@2@V?$DL_PrivateKey_WithSignaturePairwiseConsistencyTest@V?$DL_PrivateKey_GFP@VDL_GroupParameters_DSA@CryptoPP@@@CryptoPP@@UDSA@2@@2@@CryptoPP@@QAE@XZ 00401f51 f i dlltest.obj
 0001:00000f68       ??0?$DL_ObjectImplBase@V?$DL_VerifierBase@VInteger@CryptoPP@@@CryptoPP@@U?$DL_SignatureSchemeOptions@UDSA@CryptoPP@@UDL_Keys_DSA@2@V?$DL_Algorithm_GDSA@VInteger@CryptoPP@@@2@VDL_SignatureMessageEncodingMethod_DSA@2@VSHA1@2@@2@V?$DL_PublicKey_GFP@VDL_GroupParameters_DSA@CryptoPP@@@2@@CryptoPP@@QAE@XZ 00401f68 f i dlltest.obj
 0001:00000f7f       ?assign@?$basic_string@DU?$char_traits@D@std@@V?$allocator@D@2@@std@@QAEAAV12@ABV12@II@Z 00401f7f f i dlltest.obj
 0001:0000100e       ?assign@?$basic_string@DU?$char_traits@D@std@@V?$allocator@D@2@@std@@QAEAAV12@PBDI@Z 0040200e f i dlltest.obj
 0001:0000107d       ??1?$DL_SignerImpl@U?$DL_SignatureSchemeOptions@UDSA@CryptoPP@@UDL_Keys_DSA@2@V?$DL_Algorithm_GDSA@VInteger@CryptoPP@@@2@VDL_SignatureMessageEncodingMethod_DSA@2@VSHA1@2@@CryptoPP@@@CryptoPP@@UAE@XZ 0040207d f i dlltest.obj
 0001:00001086       ??1?$DL_VerifierImpl@U?$DL_SignatureSchemeOptions@UDSA@CryptoPP@@UDL_Keys_DSA@2@V?$DL_Algorithm_GDSA@VInteger@CryptoPP@@@2@VDL_SignatureMessageEncodingMethod_DSA@2@VSHA1@2@@CryptoPP@@@CryptoPP@@UAE@XZ 00402086 f i dlltest.obj
 0001:0000108f       ??0?$DL_ObjectImpl@V?$DL_SignerBase@VInteger@CryptoPP@@@CryptoPP@@U?$DL_SignatureSchemeOptions@UDSA@CryptoPP@@UDL_Keys_DSA@2@V?$DL_Algorithm_GDSA@VInteger@CryptoPP@@@2@VDL_SignatureMessageEncodingMethod_DSA@2@VSHA1@2@@2@V?$DL_PrivateKey_WithSignaturePairwiseConsistencyTest@V?$DL_PrivateKey_GFP@VDL_GroupParameters_DSA@CryptoPP@@@CryptoPP@@UDSA@2@@2@@CryptoPP@@QAE@XZ 0040208f f i dlltest.obj
 0001:0000109b       ??0?$DL_ObjectImpl@V?$DL_VerifierBase@VInteger@CryptoPP@@@CryptoPP@@U?$DL_SignatureSchemeOptions@UDSA@CryptoPP@@UDL_Keys_DSA@2@V?$DL_Algorithm_GDSA@VInteger@CryptoPP@@@2@VDL_SignatureMessageEncodingMethod_DSA@2@VSHA1@2@@2@V?$DL_PublicKey_GFP@VDL_GroupParameters_DSA@CryptoPP@@@2@@CryptoPP@@QAE@XZ 0040209b f i dlltest.obj
 0001:000010a7       ?assign@?$basic_string@DU?$char_traits@D@std@@V?$allocator@D@2@@std@@QAEAAV12@PBD@Z 004020a7 f i dlltest.obj
 0001:000010c4       ??1?$PK_FinalTemplate@V?$DL_SignerImpl@U?$DL_SignatureSchemeOptions@UDSA@CryptoPP@@UDL_Keys_DSA@2@V?$DL_Algorithm_GDSA@VInteger@CryptoPP@@@2@VDL_SignatureMessageEncodingMethod_DSA@2@VSHA1@2@@CryptoPP@@@CryptoPP@@@CryptoPP@@UAE@XZ 004020c4 f i dlltest.obj
 0001:000010cd       ??1?$PK_FinalTemplate@V?$DL_VerifierImpl@U?$DL_SignatureSchemeOptions@UDSA@CryptoPP@@UDL_Keys_DSA@2@V?$DL_Algorithm_GDSA@VInteger@CryptoPP@@@2@VDL_SignatureMessageEncodingMethod_DSA@2@VSHA1@2@@CryptoPP@@@CryptoPP@@@CryptoPP@@UAE@XZ 004020cd f i dlltest.obj
 0001:000010d6       ??0?$basic_string@DU?$char_traits@D@std@@V?$allocator@D@2@@std@@QAE@PBD@Z 004020d6 f i dlltest.obj
 0001:000010f8       ?memcpy_s@CryptoPP@@YGXPAXIPBXI@Z 004020f8 f i dlltest.obj
 0001:00001156       ??0?$DL_SignerImpl@U?$DL_SignatureSchemeOptions@UDSA@CryptoPP@@UDL_Keys_DSA@2@V?$DL_Algorithm_GDSA@VInteger@CryptoPP@@@2@VDL_SignatureMessageEncodingMethod_DSA@2@VSHA1@2@@CryptoPP@@@CryptoPP@@QAE@XZ 00402156 f i dlltest.obj
 0001:00001176       ?AccessPrivateKey@?$DL_ObjectImplBase@V?$DL_SignerBase@VInteger@CryptoPP@@@CryptoPP@@U?$DL_SignatureSchemeOptions@UDSA@CryptoPP@@UDL_Keys_DSA@2@V?$DL_Algorithm_GDSA@VInteger@CryptoPP@@@2@VDL_SignatureMessageEncodingMethod_DSA@2@VSHA1@2@@2@V?$DL_PrivateKey_WithSignaturePairwiseConsistencyTest@V?$DL_PrivateKey_GFP@VDL_GroupParameters_DSA@CryptoPP@@@CryptoPP@@UDSA@2@@2@@CryptoPP@@UAEAAVPrivateKey@2@XZ 00402176 f i dlltest.obj
 0001:00001183       ?AccessKeyInterface@?$DL_ObjectImplBase@V?$DL_SignerBase@VInteger@CryptoPP@@@CryptoPP@@U?$DL_SignatureSchemeOptions@UDSA@CryptoPP@@UDL_Keys_DSA@2@V?$DL_Algorithm_GDSA@VInteger@CryptoPP@@@2@VDL_SignatureMessageEncodingMethod_DSA@2@VSHA1@2@@2@V?$DL_PrivateKey_WithSignaturePairwiseConsistencyTest@V?$DL_PrivateKey_GFP@VDL_GroupParameters_DSA@CryptoPP@@@CryptoPP@@UDSA@2@@2@@CryptoPP@@MAEAAV?$DL_PrivateKey@VInteger@CryptoPP@@@2@XZ 00402183 f i dlltest.obj
 0001:00001187       ?GetKeyInterface@?$DL_ObjectImplBase@V?$DL_SignerBase@VInteger@CryptoPP@@@CryptoPP@@U?$DL_SignatureSchemeOptions@UDSA@CryptoPP@@UDL_Keys_DSA@2@V?$DL_Algorithm_GDSA@VInteger@CryptoPP@@@2@VDL_SignatureMessageEncodingMethod_DSA@2@VSHA1@2@@2@V?$DL_PrivateKey_WithSignaturePairwiseConsistencyTest@V?$DL_PrivateKey_GFP@VDL_GroupParameters_DSA@CryptoPP@@@CryptoPP@@UDSA@2@@2@@CryptoPP@@MBEABV?$DL_PrivateKey@VInteger@CryptoPP@@@2@XZ 00402187 f i dlltest.obj
 0001:0000118b       ?GetDigestSize@?$DL_ObjectImplBase@V?$DL_SignerBase@VInteger@CryptoPP@@@CryptoPP@@U?$DL_SignatureSchemeOptions@UDSA@CryptoPP@@UDL_Keys_DSA@2@V?$DL_Algorithm_GDSA@VInteger@CryptoPP@@@2@VDL_SignatureMessageEncodingMethod_DSA@2@VSHA1@2@@2@V?$DL_PrivateKey_WithSignaturePairwiseConsistencyTest@V?$DL_PrivateKey_GFP@VDL_GroupParameters_DSA@CryptoPP@@@CryptoPP@@UDSA@2@@2@@CryptoPP@@MBEIXZ 0040218b f i dlltest.obj
 0001:0000118f       ?MaxRecoverableLength@?$DL_SignatureSchemeBase@VPK_Signer@CryptoPP@@V?$DL_PrivateKey@VInteger@CryptoPP@@@2@@CryptoPP@@UBEIXZ 0040218f f i dlltest.obj
 0001:000011c3       ?MaxRecoverableLengthFromSignatureLength@?$DL_SignatureSchemeBase@VPK_Signer@CryptoPP@@V?$DL_PrivateKey@VInteger@CryptoPP@@@2@@CryptoPP@@UBEII@Z 004021c3 f i dlltest.obj
 0001:000011c8       ?IsProbabilistic@?$DL_SignatureSchemeBase@VPK_Signer@CryptoPP@@V?$DL_PrivateKey@VInteger@CryptoPP@@@2@@CryptoPP@@UBE_NXZ 004021c8 f i dlltest.obj
 0001:000011cb       ?RecoverablePartFirst@?$DL_SignatureSchemeBase@VPK_Signer@CryptoPP@@V?$DL_PrivateKey@VInteger@CryptoPP@@@2@@CryptoPP@@UBE_NXZ 004021cb f i dlltest.obj
 0001:000011d7       ??_E?$DL_SignerImpl@U?$DL_SignatureSchemeOptions@UDSA@CryptoPP@@UDL_Keys_DSA@2@V?$DL_Algorithm_GDSA@VInteger@CryptoPP@@@2@VDL_SignatureMessageEncodingMethod_DSA@2@VSHA1@2@@CryptoPP@@@CryptoPP@@W3AEPAXI@Z 004021d7 f i dlltest.obj
 0001:000011df       ?GetHashIdentifier@?$DL_ObjectImpl@V?$DL_SignerBase@VInteger@CryptoPP@@@CryptoPP@@U?$DL_SignatureSchemeOptions@UDSA@CryptoPP@@UDL_Keys_DSA@2@V?$DL_Algorithm_GDSA@VInteger@CryptoPP@@@2@VDL_SignatureMessageEncodingMethod_DSA@2@VSHA1@2@@2@V?$DL_PrivateKey_WithSignaturePairwiseConsistencyTest@V?$DL_PrivateKey_GFP@VDL_GroupParameters_DSA@CryptoPP@@@CryptoPP@@UDSA@2@@2@@CryptoPP@@MBE?AU?$pair@PBEI@std@@XZ 004021df f i dlltest.obj
 0001:000011ed       ?SignatureLength@?$DL_SignatureSchemeBase@VPK_Signer@CryptoPP@@V?$DL_PrivateKey@VInteger@CryptoPP@@@2@@CryptoPP@@UBEIXZ 004021ed f i dlltest.obj
 0001:0000123b       ?NewSignatureAccumulator@?$DL_SignerImpl@U?$DL_SignatureSchemeOptions@UDSA@CryptoPP@@UDL_Keys_DSA@2@V?$DL_Algorithm_GDSA@VInteger@CryptoPP@@@2@VDL_SignatureMessageEncodingMethod_DSA@2@VSHA1@2@@CryptoPP@@@CryptoPP@@UBEPAVPK_MessageAccumulator@2@AAVRandomNumberGenerator@2@@Z 0040223b f i dlltest.obj
 0001:000012a1       ?AccessHash@?$PK_MessageAccumulatorImpl@VSHA1@CryptoPP@@@CryptoPP@@UAEAAVHashTransformation@2@XZ 004022a1 f i dlltest.obj
 0001:000012a5       ??1?$auto_ptr@VPK_MessageAccumulatorBase@CryptoPP@@@std@@QAE@XZ 004022a5 f i dlltest.obj
 0001:000012b2       ??_E?$PK_MessageAccumulatorImpl@VSHA1@CryptoPP@@@CryptoPP@@UAEPAXI@Z 004022b2 f i dlltest.obj
 0001:000012b2       ??_G?$PK_MessageAccumulatorImpl@VSHA1@CryptoPP@@@CryptoPP@@UAEPAXI@Z 004022b2 f i dlltest.obj
 0001:000012cf       ??1?$PK_MessageAccumulatorImpl@VSHA1@CryptoPP@@@CryptoPP@@UAE@XZ 004022cf f i dlltest.obj
 0001:0000130c       ?GetSignatureAlgorithm@?$DL_ObjectImpl@V?$DL_SignerBase@VInteger@CryptoPP@@@CryptoPP@@U?$DL_SignatureSchemeOptions@UDSA@CryptoPP@@UDL_Keys_DSA@2@V?$DL_Algorithm_GDSA@VInteger@CryptoPP@@@2@VDL_SignatureMessageEncodingMethod_DSA@2@VSHA1@2@@2@V?$DL_PrivateKey_WithSignaturePairwiseConsistencyTest@V?$DL_PrivateKey_GFP@VDL_GroupParameters_DSA@CryptoPP@@@CryptoPP@@UDSA@2@@2@@CryptoPP@@MBEABV?$DL_ElgamalLikeSignatureAlgorithm@VInteger@CryptoPP@@@2@XZ 0040230c f i dlltest.obj
 0001:00001318       ?Ref@?$Singleton@V?$DL_Algorithm_GDSA@VInteger@CryptoPP@@@CryptoPP@@U?$NewObject@V?$DL_Algorithm_GDSA@VInteger@CryptoPP@@@CryptoPP@@@2@$0A@@CryptoPP@@QBEABV?$DL_Algorithm_GDSA@VInteger@CryptoPP@@@2@XZ 00402318 f i dlltest.obj
 0001:0000137a       ?GetMessageEncodingInterface@?$DL_ObjectImpl@V?$DL_SignerBase@VInteger@CryptoPP@@@CryptoPP@@U?$DL_SignatureSchemeOptions@UDSA@CryptoPP@@UDL_Keys_DSA@2@V?$DL_Algorithm_GDSA@VInteger@CryptoPP@@@2@VDL_SignatureMessageEncodingMethod_DSA@2@VSHA1@2@@2@V?$DL_PrivateKey_WithSignaturePairwiseConsistencyTest@V?$DL_PrivateKey_GFP@VDL_GroupParameters_DSA@CryptoPP@@@CryptoPP@@UDSA@2@@2@@CryptoPP@@MBEABVPK_SignatureMessageEncodingMethod@2@XZ 0040237a f i dlltest.obj
 0001:00001386       ?Ref@?$Singleton@VDL_SignatureMessageEncodingMethod_DSA@CryptoPP@@U?$NewObject@VDL_SignatureMessageEncodingMethod_DSA@CryptoPP@@@2@$0A@@CryptoPP@@QBEABVDL_SignatureMessageEncodingMethod_DSA@2@XZ 00402386 f i dlltest.obj
 0001:000013dc       ??R?$NewObject@VDL_SignatureMessageEncodingMethod_DSA@CryptoPP@@@CryptoPP@@QBEPAVDL_SignatureMessageEncodingMethod_DSA@1@XZ 004023dc f i dlltest.obj
 0001:00001402       ?MinRepresentativeBitLength@PK_SignatureMessageEncodingMethod@CryptoPP@@UBEIII@Z 00402402 f i dlltest.obj
 0001:00001407       ?MaxRecoverableLength@PK_SignatureMessageEncodingMethod@CryptoPP@@UBEIIII@Z 00402407 f i dlltest.obj
 0001:0000140c       ?ProcessSemisignature@PK_SignatureMessageEncodingMethod@CryptoPP@@UBEXAAVHashTransformation@2@PBEI@Z 0040240c f i dlltest.obj
 0001:0000140f       ?ProcessRecoverableMessage@PK_SignatureMessageEncodingMethod@CryptoPP@@UBEXAAVHashTransformation@2@PBEI1IAAV?$SecBlock@EV?$AllocatorWithCleanup@E$0A@@CryptoPP@@@2@@Z 0040240f f i dlltest.obj
 0001:00001417       ??_GDL_SignatureMessageEncodingMethod_DSA@CryptoPP@@UAEPAXI@Z 00402417 f i dlltest.obj
 0001:00001417       ??_EDL_SignatureMessageEncodingMethod_DSA@CryptoPP@@UAEPAXI@Z 00402417 f i dlltest.obj
 0001:00001435       ?SignAndRestart@?$DL_SignerBase@VInteger@CryptoPP@@@CryptoPP@@UBEIAAVRandomNumberGenerator@2@AAVPK_MessageAccumulator@2@PAE_N@Z 00402435 f i dlltest.obj
 0001:00001708       ??GCryptoPP@@YG?AVInteger@0@ABV10@0@Z 00402708 f i dlltest.obj
 0001:00001726       ?MessageRepresentativeBitLength@?$DL_SignatureSchemeBase@VPK_Signer@CryptoPP@@V?$DL_PrivateKey@VInteger@CryptoPP@@@2@@CryptoPP@@IBEIXZ 00402726 f i dlltest.obj
 0001:00001743       ??_G?$DL_SignerImpl@U?$DL_SignatureSchemeOptions@UDSA@CryptoPP@@UDL_Keys_DSA@2@V?$DL_Algorithm_GDSA@VInteger@CryptoPP@@@2@VDL_SignatureMessageEncodingMethod_DSA@2@VSHA1@2@@CryptoPP@@@CryptoPP@@UAEPAXI@Z 00402743 f i dlltest.obj
 0001:00001743       ??_E?$DL_SignerImpl@U?$DL_SignatureSchemeOptions@UDSA@CryptoPP@@UDL_Keys_DSA@2@V?$DL_Algorithm_GDSA@VInteger@CryptoPP@@@2@VDL_SignatureMessageEncodingMethod_DSA@2@VSHA1@2@@CryptoPP@@@CryptoPP@@UAEPAXI@Z 00402743 f i dlltest.obj
 0001:00001760       ?AlgorithmName@?$AlgorithmImpl@V?$DL_SignerBase@VInteger@CryptoPP@@@CryptoPP@@UDSA@2@@CryptoPP@@UBE?AV?$basic_string@DU?$char_traits@D@std@@V?$allocator@D@2@@std@@XZ 00402760 f i dlltest.obj
 0001:0000177e       ??0?$DL_VerifierImpl@U?$DL_SignatureSchemeOptions@UDSA@CryptoPP@@UDL_Keys_DSA@2@V?$DL_Algorithm_GDSA@VInteger@CryptoPP@@@2@VDL_SignatureMessageEncodingMethod_DSA@2@VSHA1@2@@CryptoPP@@@CryptoPP@@QAE@XZ 0040277e f i dlltest.obj
 0001:0000179e       ?AccessPublicKey@?$DL_ObjectImplBase@V?$DL_VerifierBase@VInteger@CryptoPP@@@CryptoPP@@U?$DL_SignatureSchemeOptions@UDSA@CryptoPP@@UDL_Keys_DSA@2@V?$DL_Algorithm_GDSA@VInteger@CryptoPP@@@2@VDL_SignatureMessageEncodingMethod_DSA@2@VSHA1@2@@2@V?$DL_PublicKey_GFP@VDL_GroupParameters_DSA@CryptoPP@@@2@@CryptoPP@@UAEAAVPublicKey@2@XZ 0040279e f i dlltest.obj
 0001:000017ab       ?AccessKeyInterface@?$DL_ObjectImplBase@V?$DL_VerifierBase@VInteger@CryptoPP@@@CryptoPP@@U?$DL_SignatureSchemeOptions@UDSA@CryptoPP@@UDL_Keys_DSA@2@V?$DL_Algorithm_GDSA@VInteger@CryptoPP@@@2@VDL_SignatureMessageEncodingMethod_DSA@2@VSHA1@2@@2@V?$DL_PublicKey_GFP@VDL_GroupParameters_DSA@CryptoPP@@@2@@CryptoPP@@MAEAAV?$DL_PublicKey@VInteger@CryptoPP@@@2@XZ 004027ab f i dlltest.obj
 0001:000017af       ?GetKeyInterface@?$DL_ObjectImplBase@V?$DL_VerifierBase@VInteger@CryptoPP@@@CryptoPP@@U?$DL_SignatureSchemeOptions@UDSA@CryptoPP@@UDL_Keys_DSA@2@V?$DL_Algorithm_GDSA@VInteger@CryptoPP@@@2@VDL_SignatureMessageEncodingMethod_DSA@2@VSHA1@2@@2@V?$DL_PublicKey_GFP@VDL_GroupParameters_DSA@CryptoPP@@@2@@CryptoPP@@MBEABV?$DL_PublicKey@VInteger@CryptoPP@@@2@XZ 004027af f i dlltest.obj
 0001:000017b3       ?GetDigestSize@?$DL_ObjectImplBase@V?$DL_VerifierBase@VInteger@CryptoPP@@@CryptoPP@@U?$DL_SignatureSchemeOptions@UDSA@CryptoPP@@UDL_Keys_DSA@2@V?$DL_Algorithm_GDSA@VInteger@CryptoPP@@@2@VDL_SignatureMessageEncodingMethod_DSA@2@VSHA1@2@@2@V?$DL_PublicKey_GFP@VDL_GroupParameters_DSA@CryptoPP@@@2@@CryptoPP@@MBEIXZ 004027b3 f i dlltest.obj
 0001:000017b7       ?MaxRecoverableLength@?$DL_SignatureSchemeBase@VPK_Verifier@CryptoPP@@V?$DL_PublicKey@VInteger@CryptoPP@@@2@@CryptoPP@@UBEIXZ 004027b7 f i dlltest.obj
 0001:000017eb       ?MaxRecoverableLengthFromSignatureLength@?$DL_SignatureSchemeBase@VPK_Verifier@CryptoPP@@V?$DL_PublicKey@VInteger@CryptoPP@@@2@@CryptoPP@@UBEII@Z 004027eb f i dlltest.obj
 0001:000017f0       ?IsProbabilistic@?$DL_SignatureSchemeBase@VPK_Verifier@CryptoPP@@V?$DL_PublicKey@VInteger@CryptoPP@@@2@@CryptoPP@@UBE_NXZ 004027f0 f i dlltest.obj
 0001:000017f3       ?RecoverablePartFirst@?$DL_SignatureSchemeBase@VPK_Verifier@CryptoPP@@V?$DL_PublicKey@VInteger@CryptoPP@@@2@@CryptoPP@@UBE_NXZ 004027f3 f i dlltest.obj
 0001:000017ff       ??_E?$DL_VerifierImpl@U?$DL_SignatureSchemeOptions@UDSA@CryptoPP@@UDL_Keys_DSA@2@V?$DL_Algorithm_GDSA@VInteger@CryptoPP@@@2@VDL_SignatureMessageEncodingMethod_DSA@2@VSHA1@2@@CryptoPP@@@CryptoPP@@W3AEPAXI@Z 004027ff f i dlltest.obj
 0001:00001807       ?GetHashIdentifier@?$DL_ObjectImpl@V?$DL_VerifierBase@VInteger@CryptoPP@@@CryptoPP@@U?$DL_SignatureSchemeOptions@UDSA@CryptoPP@@UDL_Keys_DSA@2@V?$DL_Algorithm_GDSA@VInteger@CryptoPP@@@2@VDL_SignatureMessageEncodingMethod_DSA@2@VSHA1@2@@2@V?$DL_PublicKey_GFP@VDL_GroupParameters_DSA@CryptoPP@@@2@@CryptoPP@@MBE?AU?$pair@PBEI@std@@XZ 00402807 f i dlltest.obj
 0001:00001815       ?SignatureLength@?$DL_SignatureSchemeBase@VPK_Verifier@CryptoPP@@V?$DL_PublicKey@VInteger@CryptoPP@@@2@@CryptoPP@@UBEIXZ 00402815 f i dlltest.obj
 0001:00001863       ?NewVerificationAccumulator@?$DL_VerifierImpl@U?$DL_SignatureSchemeOptions@UDSA@CryptoPP@@UDL_Keys_DSA@2@V?$DL_Algorithm_GDSA@VInteger@CryptoPP@@@2@VDL_SignatureMessageEncodingMethod_DSA@2@VSHA1@2@@CryptoPP@@@CryptoPP@@UBEPAVPK_MessageAccumulator@2@XZ 00402863 f i dlltest.obj
 0001:000018b3       ?GetSignatureAlgorithm@?$DL_ObjectImpl@V?$DL_VerifierBase@VInteger@CryptoPP@@@CryptoPP@@U?$DL_SignatureSchemeOptions@UDSA@CryptoPP@@UDL_Keys_DSA@2@V?$DL_Algorithm_GDSA@VInteger@CryptoPP@@@2@VDL_SignatureMessageEncodingMethod_DSA@2@VSHA1@2@@2@V?$DL_PublicKey_GFP@VDL_GroupParameters_DSA@CryptoPP@@@2@@CryptoPP@@MBEABV?$DL_ElgamalLikeSignatureAlgorithm@VInteger@CryptoPP@@@2@XZ 004028b3 f i dlltest.obj
 0001:000018bf       ?GetMessageEncodingInterface@?$DL_ObjectImpl@V?$DL_VerifierBase@VInteger@CryptoPP@@@CryptoPP@@U?$DL_SignatureSchemeOptions@UDSA@CryptoPP@@UDL_Keys_DSA@2@V?$DL_Algorithm_GDSA@VInteger@CryptoPP@@@2@VDL_SignatureMessageEncodingMethod_DSA@2@VSHA1@2@@2@V?$DL_PublicKey_GFP@VDL_GroupParameters_DSA@CryptoPP@@@2@@CryptoPP@@MBEABVPK_SignatureMessageEncodingMethod@2@XZ 004028bf f i dlltest.obj
 0001:000018cb       ?VerifyAndRestart@?$DL_VerifierBase@VInteger@CryptoPP@@@CryptoPP@@UBE_NAAVPK_MessageAccumulator@2@@Z 004028cb f i dlltest.obj
 0001:00001a20       ?MessageRepresentativeBitLength@?$DL_SignatureSchemeBase@VPK_Verifier@CryptoPP@@V?$DL_PublicKey@VInteger@CryptoPP@@@2@@CryptoPP@@IBEIXZ 00402a20 f i dlltest.obj
 0001:00001a3d       ?RecoverAndRestart@?$DL_VerifierBase@VInteger@CryptoPP@@@CryptoPP@@UBE?AUDecodingResult@2@PAEAAVPK_MessageAccumulator@2@@Z 00402a3d f i dlltest.obj
 0001:00001c16       ??_G?$DL_VerifierImpl@U?$DL_SignatureSchemeOptions@UDSA@CryptoPP@@UDL_Keys_DSA@2@V?$DL_Algorithm_GDSA@VInteger@CryptoPP@@@2@VDL_SignatureMessageEncodingMethod_DSA@2@VSHA1@2@@CryptoPP@@@CryptoPP@@UAEPAXI@Z 00402c16 f i dlltest.obj
 0001:00001c16       ??_E?$DL_VerifierImpl@U?$DL_SignatureSchemeOptions@UDSA@CryptoPP@@UDL_Keys_DSA@2@V?$DL_Algorithm_GDSA@VInteger@CryptoPP@@@2@VDL_SignatureMessageEncodingMethod_DSA@2@VSHA1@2@@CryptoPP@@@CryptoPP@@UAEPAXI@Z 00402c16 f i dlltest.obj
 0001:00001c33       ?AlgorithmName@?$AlgorithmImpl@V?$DL_VerifierBase@VInteger@CryptoPP@@@CryptoPP@@UDSA@2@@CryptoPP@@UBE?AV?$basic_string@DU?$char_traits@D@std@@V?$allocator@D@2@@std@@XZ 00402c33 f i dlltest.obj
 0001:00001c51       ?RecoverablePartFirst@PK_SignatureMessageEncodingMethod@CryptoPP@@UBE_NXZ 00402c51 f i dlltest.obj
 0001:00001c8b       ?RecoverMessageFromRepresentative@PK_SignatureMessageEncodingMethod@CryptoPP@@UBE?AUDecodingResult@2@AAVHashTransformation@2@U?$pair@PBEI@std@@_NPAEI3@Z 00402c8b f i dlltest.obj
 0001:00001cc5       ?RecoverMessageFromSemisignature@PK_SignatureMessageEncodingMethod@CryptoPP@@UBE?AUDecodingResult@2@AAVHashTransformation@2@U?$pair@PBEI@std@@PBEI2IPAE@Z 00402cc5 f i dlltest.obj
 0001:00001cff       ?Assign@?$SecBlock@EV?$AllocatorWithCleanup@E$0A@@CryptoPP@@@CryptoPP@@QAEXPBEI@Z 00402cff f i dlltest.obj
 0001:00001d22       ?Assign@ConstByteArrayParameter@CryptoPP@@QAEXPBEI_N@Z 00402d22 f i dlltest.obj
 0001:00001d54       ??0?$PK_FinalTemplate@V?$DL_SignerImpl@U?$DL_SignatureSchemeOptions@UDSA@CryptoPP@@UDL_Keys_DSA@2@V?$DL_Algorithm_GDSA@VInteger@CryptoPP@@@2@VDL_SignatureMessageEncodingMethod_DSA@2@VSHA1@2@@CryptoPP@@@CryptoPP@@@CryptoPP@@QAE@ABVCryptoMaterial@1@@Z 00402d54 f i dlltest.obj
 0001:00001d91       ?InputRecoverableMessage@?$DL_SignerBase@VInteger@CryptoPP@@@CryptoPP@@UBEXAAVPK_MessageAccumulator@2@PBEI@Z 00402d91 f i dlltest.obj
 0001:00001ddb       ?AllowNonrecoverablePart@?$DL_SignatureSchemeBase@VPK_Signer@CryptoPP@@V?$DL_PrivateKey@VInteger@CryptoPP@@@2@@CryptoPP@@UBE_NXZ 00402ddb f i dlltest.obj
 0001:00001de7       ?AllowNonrecoverablePart@PK_SignatureMessageEncodingMethod@CryptoPP@@QBE_NXZ 00402de7 f i dlltest.obj
 0001:00001e21       ??0?$PK_FinalTemplate@V?$DL_VerifierImpl@U?$DL_SignatureSchemeOptions@UDSA@CryptoPP@@UDL_Keys_DSA@2@V?$DL_Algorithm_GDSA@VInteger@CryptoPP@@@2@VDL_SignatureMessageEncodingMethod_DSA@2@VSHA1@2@@CryptoPP@@@CryptoPP@@@CryptoPP@@QAE@ABVCryptoMaterial@1@@Z 00402e21 f i dlltest.obj
 0001:00001e5e       ?InputSignature@?$DL_VerifierBase@VInteger@CryptoPP@@@CryptoPP@@UBEXAAVPK_MessageAccumulator@2@PBEI@Z 00402e5e f i dlltest.obj
 0001:00001ee0       ?AllowNonrecoverablePart@?$DL_SignatureSchemeBase@VPK_Verifier@CryptoPP@@V?$DL_PublicKey@VInteger@CryptoPP@@@2@@CryptoPP@@UBE_NXZ 00402ee0 f i dlltest.obj
 0001:00001eec       ??$?0V?$basic_string@DU?$char_traits@D@std@@V?$allocator@D@2@@std@@@ConstByteArrayParameter@CryptoPP@@QAE@ABV?$basic_string@DU?$char_traits@D@std@@V?$allocator@D@2@@std@@_N@Z 00402eec f i dlltest.obj
 0001:00001f3c       ??$?0V?$basic_string@DU?$char_traits@D@std@@V?$allocator@D@2@@std@@@StringStore@CryptoPP@@QAE@ABV?$basic_string@DU?$char_traits@D@std@@V?$allocator@D@2@@std@@@Z 00402f3c f i dlltest.obj
 0001:00001fc6       ??_EStringStore@CryptoPP@@W3AEPAXI@Z 00402fc6 f i dlltest.obj
 0001:00001fce       ??_GStringStore@CryptoPP@@UAEPAXI@Z 00402fce f i dlltest.obj
 0001:00001fce       ??_EStringStore@CryptoPP@@UAEPAXI@Z 00402fce f i dlltest.obj
 0001:00001feb       ?FIPS140_SampleApplication@@YGXXZ 00402feb f   dlltest.obj
 0001:000027a6       _main                      004037a6 f   dlltest.obj
 0001:000027ae       ?AlgorithmName@?$AlgorithmImpl@V?$ConcretePolicyHolder@VEmpty@CryptoPP@@V?$CFB_RequireFullDataBlocks@V?$CFB_EncryptionTemplate@V?$AbstractPolicyHolder@VCFB_CipherAbstractPolicy@CryptoPP@@VCFB_ModePolicy@2@@CryptoPP@@@CryptoPP@@@2@VCFB_CipherAbstractPolicy@2@@CryptoPP@@V?$CipherModeFinalTemplate_CipherHolder@V?$BlockCipherFinal@$0A@VBase@DES_EDE3@CryptoPP@@@CryptoPP@@V?$ConcretePolicyHolder@VEmpty@CryptoPP@@V?$CFB_RequireFullDataBlocks@V?$CFB_EncryptionTemplate@V?$AbstractPolicyHolder@VCFB_CipherAbstractPolicy@CryptoPP@@VCFB_ModePolicy@2@@CryptoPP@@@CryptoPP@@@2@VCFB_CipherAbstractPolicy@2@@2@@2@@CryptoPP@@UBE?AV?$basic_string@DU?$char_traits@D@std@@V?$allocator@D@2@@std@@XZ 004037ae f i dlltest.obj
 0001:000027c6       ?StaticAlgorithmName@?$CipherModeFinalTemplate_CipherHolder@V?$BlockCipherFinal@$0A@VBase@DES_EDE3@CryptoPP@@@CryptoPP@@V?$ConcretePolicyHolder@VEmpty@CryptoPP@@V?$CFB_RequireFullDataBlocks@V?$CFB_EncryptionTemplate@V?$AbstractPolicyHolder@VCFB_CipherAbstractPolicy@CryptoPP@@VCFB_ModePolicy@2@@CryptoPP@@@CryptoPP@@@2@VCFB_CipherAbstractPolicy@2@@2@@CryptoPP@@SA?AV?$basic_string@DU?$char_traits@D@std@@V?$allocator@D@2@@std@@XZ 004037c6 f i dlltest.obj
 0001:00002844       ??$?HDU?$char_traits@D@std@@V?$allocator@D@1@@std@@YA?AV?$basic_string@DU?$char_traits@D@std@@V?$allocator@D@2@@0@ABV10@PBD@Z 00403844 f i dlltest.obj
 0001:000028aa       ?append@?$basic_string@DU?$char_traits@D@std@@V?$allocator@D@2@@std@@QAEAAV12@PBDI@Z 004038aa f i dlltest.obj
 0001:0000293a       ?append@?$basic_string@DU?$char_traits@D@std@@V?$allocator@D@2@@std@@QAEAAV12@ABV12@II@Z 0040393a f i dlltest.obj
 0001:000029cf       ??0?$basic_string@DU?$char_traits@D@std@@V?$allocator@D@2@@std@@QAE@ABV01@@Z 004039cf f i dlltest.obj
 0001:000029f5       ?AlgorithmName@?$AlgorithmImpl@V?$ConcretePolicyHolder@VEmpty@CryptoPP@@V?$CFB_RequireFullDataBlocks@V?$CFB_DecryptionTemplate@V?$AbstractPolicyHolder@VCFB_CipherAbstractPolicy@CryptoPP@@VCFB_ModePolicy@2@@CryptoPP@@@CryptoPP@@@2@VCFB_CipherAbstractPolicy@2@@CryptoPP@@V?$CipherModeFinalTemplate_CipherHolder@V?$BlockCipherFinal@$0A@VBase@DES_EDE3@CryptoPP@@@CryptoPP@@V?$ConcretePolicyHolder@VEmpty@CryptoPP@@V?$CFB_RequireFullDataBlocks@V?$CFB_DecryptionTemplate@V?$AbstractPolicyHolder@VCFB_CipherAbstractPolicy@CryptoPP@@VCFB_ModePolicy@2@@CryptoPP@@@CryptoPP@@@2@VCFB_CipherAbstractPolicy@2@@2@@2@@CryptoPP@@UBE?AV?$basic_string@DU?$char_traits@D@std@@V?$allocator@D@2@@std@@XZ 004039f5 f i dlltest.obj
 0001:00002a0d       ?StaticAlgorithmName@?$CipherModeFinalTemplate_CipherHolder@V?$BlockCipherFinal@$0A@VBase@DES_EDE3@CryptoPP@@@CryptoPP@@V?$ConcretePolicyHolder@VEmpty@CryptoPP@@V?$CFB_RequireFullDataBlocks@V?$CFB_DecryptionTemplate@V?$AbstractPolicyHolder@VCFB_CipherAbstractPolicy@CryptoPP@@VCFB_ModePolicy@2@@CryptoPP@@@CryptoPP@@@2@VCFB_CipherAbstractPolicy@2@@2@@CryptoPP@@SA?AV?$basic_string@DU?$char_traits@D@std@@V?$allocator@D@2@@std@@XZ 00403a0d f i dlltest.obj
 0001:00002a8b       ?AlgorithmName@?$AlgorithmImpl@VECB_OneWay@CryptoPP@@V?$CipherModeFinalTemplate_CipherHolder@V?$BlockCipherFinal@$0A@VBase@DES_EDE3@CryptoPP@@@CryptoPP@@VECB_OneWay@2@@2@@CryptoPP@@UBE?AV?$basic_string@DU?$char_traits@D@std@@V?$allocator@D@2@@std@@XZ 00403a8b f i dlltest.obj
 0001:00002aa3       ?StaticAlgorithmName@?$CipherModeFinalTemplate_CipherHolder@V?$BlockCipherFinal@$0A@VBase@DES_EDE3@CryptoPP@@@CryptoPP@@VECB_OneWay@2@@CryptoPP@@SA?AV?$basic_string@DU?$char_traits@D@std@@V?$allocator@D@2@@std@@XZ 00403aa3 f i dlltest.obj
 0001:00002b21       ??1?$simple_ptr@VDL_SignatureMessageEncodingMethod_DSA@CryptoPP@@@CryptoPP@@QAE@XZ 00403b21 f i dlltest.obj
 0001:00002b36       ??1Enc@Rijndael@CryptoPP@@UAE@XZ 00403b36 f   cryptopp:cryptopp.dll
 0001:00002b3c       ??1ECB_OneWay@CryptoPP@@UAE@XZ 00403b3c f   cryptopp:cryptopp.dll
 0001:00002b42       ??1Base@DES_EDE3@CryptoPP@@UAE@XZ 00403b42 f   cryptopp:cryptopp.dll
 0001:00002b48       ??1?$CFB_EncryptionTemplate@V?$AbstractPolicyHolder@VCFB_CipherAbstractPolicy@CryptoPP@@VCFB_ModePolicy@2@@CryptoPP@@@CryptoPP@@UAE@XZ 00403b48 f   cryptopp:cryptopp.dll
 0001:00002b4e       ??1?$CFB_DecryptionTemplate@V?$AbstractPolicyHolder@VCFB_CipherAbstractPolicy@CryptoPP@@VCFB_ModePolicy@2@@CryptoPP@@@CryptoPP@@UAE@XZ 00403b4e f   cryptopp:cryptopp.dll
 0001:00002b54       ?allocate@?$AllocatorWithCleanup@E$0A@@CryptoPP@@QAEPAEIPBX@Z 00403b54 f   cryptopp:cryptopp.dll
 0001:00002b5a       ?deallocate@?$AllocatorWithCleanup@E$0A@@CryptoPP@@QAEXPAXI@Z 00403b5a f   cryptopp:cryptopp.dll
 0001:00002b60       ?reallocate@?$AllocatorWithCleanup@E$0A@@CryptoPP@@QAEPAEPAEII_N@Z 00403b60 f   cryptopp:cryptopp.dll
 0001:00002b66       ??0Enc@Rijndael@CryptoPP@@QAE@XZ 00403b66 f   cryptopp:cryptopp.dll
 0001:00002b6c       ??0ECB_OneWay@CryptoPP@@QAE@XZ 00403b6c f   cryptopp:cryptopp.dll
 0001:00002b72       ?CipherResynchronize@CFB_ModePolicy@CryptoPP@@MAEXPBEI@Z 00403b72 f   cryptopp:cryptopp.dll
 0001:00002b78       ?CipherSetKey@?$ModePolicyCommonTemplate@VCFB_CipherAbstractPolicy@CryptoPP@@@CryptoPP@@EAEXABVNameValuePairs@2@PBEI@Z 00403b78 f   cryptopp:cryptopp.dll
 0001:00002b7e       ?Iterate@CFB_ModePolicy@CryptoPP@@MAEXPAEPBEW4CipherDir@2@I@Z 00403b7e f   cryptopp:cryptopp.dll
 0001:00002b84       ?CanIterate@CFB_ModePolicy@CryptoPP@@MBE_NXZ 00403b84 f   cryptopp:cryptopp.dll
 0001:00002b8a       ?TransformRegister@CFB_ModePolicy@CryptoPP@@MAEXXZ 00403b8a f   cryptopp:cryptopp.dll
 0001:00002b90       ?GetRegisterBegin@CFB_ModePolicy@CryptoPP@@MAEPAEXZ 00403b90 f   cryptopp:cryptopp.dll
 0001:00002b96       ?GetBytesPerIteration@CFB_ModePolicy@CryptoPP@@MBEIXZ 00403b96 f   cryptopp:cryptopp.dll
 0001:00002b9c       ?GetAlignment@?$ModePolicyCommonTemplate@VCFB_CipherAbstractPolicy@CryptoPP@@@CryptoPP@@EBEIXZ 00403b9c f   cryptopp:cryptopp.dll
 0001:00002ba2       ?IsForwardTransformation@?$CFB_EncryptionTemplate@V?$AbstractPolicyHolder@VCFB_CipherAbstractPolicy@CryptoPP@@VCFB_ModePolicy@2@@CryptoPP@@@CryptoPP@@EBE_NXZ 00403ba2 f   cryptopp:cryptopp.dll
 0001:00002ba8       ?IsSelfInverting@?$CFB_CipherTemplate@V?$AbstractPolicyHolder@VCFB_CipherAbstractPolicy@CryptoPP@@VCFB_ModePolicy@2@@CryptoPP@@@CryptoPP@@UBE_NXZ 00403ba8 f   cryptopp:cryptopp.dll
 0001:00002bae       ?Seek@StreamTransformation@CryptoPP@@UAEX_K@Z 00403bae f   cryptopp:cryptopp.dll
 0001:00002bb4       ?IsRandomAccess@?$CFB_CipherTemplate@V?$AbstractPolicyHolder@VCFB_CipherAbstractPolicy@CryptoPP@@VCFB_ModePolicy@2@@CryptoPP@@@CryptoPP@@UBE_NXZ 00403bb4 f   cryptopp:cryptopp.dll
 0001:00002bba       ?MinLastBlockSize@StreamTransformation@CryptoPP@@UBEIXZ 00403bba f   cryptopp:cryptopp.dll
 0001:00002bc0       ?ProcessLastBlock@StreamTransformation@CryptoPP@@UAEXPAEPBEI@Z 00403bc0 f   cryptopp:cryptopp.dll
 0001:00002bc6       ?ProcessData@?$CFB_CipherTemplate@V?$AbstractPolicyHolder@VCFB_CipherAbstractPolicy@CryptoPP@@VCFB_ModePolicy@2@@CryptoPP@@@CryptoPP@@UAEXPAEPBEI@Z 00403bc6 f   cryptopp:cryptopp.dll
 0001:00002bcc       ?OptimalDataAlignment@?$CFB_CipherTemplate@V?$AbstractPolicyHolder@VCFB_CipherAbstractPolicy@CryptoPP@@VCFB_ModePolicy@2@@CryptoPP@@@CryptoPP@@UBEIXZ 00403bcc f   cryptopp:cryptopp.dll
 0001:00002bd2       ?GetOptimalBlockSizeUsed@StreamTransformation@CryptoPP@@UBEIXZ 00403bd2 f   cryptopp:cryptopp.dll
 0001:00002bd8       ?OptimalBlockSize@?$CFB_CipherTemplate@V?$AbstractPolicyHolder@VCFB_CipherAbstractPolicy@CryptoPP@@VCFB_ModePolicy@2@@CryptoPP@@@CryptoPP@@UBEIXZ 00403bd8 f   cryptopp:cryptopp.dll
 0001:00002bde       ?AlgorithmName@Algorithm@CryptoPP@@UBE?AV?$basic_string@DU?$char_traits@D@std@@V?$allocator@D@2@@std@@XZ 00403bde f   cryptopp:cryptopp.dll
 0001:00002be4       ?Clone@Clonable@CryptoPP@@UBEPAV12@XZ 00403be4 f   cryptopp:cryptopp.dll
 0001:00002bea       ?CombineMessageAndShiftRegister@?$CFB_EncryptionTemplate@V?$AbstractPolicyHolder@VCFB_CipherAbstractPolicy@CryptoPP@@VCFB_ModePolicy@2@@CryptoPP@@@CryptoPP@@EAEXPAE0PBEI@Z 00403bea f   cryptopp:cryptopp.dll
 0001:00002bf0       ?ResizeBuffers@CFB_ModePolicy@CryptoPP@@MAEXXZ 00403bf0 f   cryptopp:cryptopp.dll
 0001:00002bf6       ?SetFeedbackSize@CFB_ModePolicy@CryptoPP@@MAEXI@Z 00403bf6 f   cryptopp:cryptopp.dll
 0001:00002bfc       ?UncheckedSetKey@?$CFB_CipherTemplate@V?$AbstractPolicyHolder@VCFB_CipherAbstractPolicy@CryptoPP@@VCFB_ModePolicy@2@@CryptoPP@@@CryptoPP@@MAEXPBEIABVNameValuePairs@2@@Z 00403bfc f   cryptopp:cryptopp.dll
 0001:00002c02       ?GetAlgorithm@SymmetricCipher@CryptoPP@@MBEABVAlgorithm@2@XZ 00403c02 f   cryptopp:cryptopp.dll
 0001:00002c08       ?GetNextIV@SimpleKeyingInterface@CryptoPP@@UAEXAAVRandomNumberGenerator@2@PAE@Z 00403c08 f   cryptopp:cryptopp.dll
 0001:00002c0e       ?Resynchronize@?$CFB_CipherTemplate@V?$AbstractPolicyHolder@VCFB_CipherAbstractPolicy@CryptoPP@@VCFB_ModePolicy@2@@CryptoPP@@@CryptoPP@@UAEXPBEH@Z 00403c0e f   cryptopp:cryptopp.dll
 0001:00002c14       ?MaxIVLength@SimpleKeyingInterface@CryptoPP@@UBEIXZ 00403c14 f   cryptopp:cryptopp.dll
 0001:00002c1a       ?MinIVLength@SimpleKeyingInterface@CryptoPP@@UBEIXZ 00403c1a f   cryptopp:cryptopp.dll
 0001:00002c20       ?IVSize@CipherModeBase@CryptoPP@@UBEIXZ 00403c20 f   cryptopp:cryptopp.dll
 0001:00002c26       ?IVRequirement@CFB_ModePolicy@CryptoPP@@UBE?AW4IV_Requirement@SimpleKeyingInterface@2@XZ 00403c26 f   cryptopp:cryptopp.dll
 0001:00002c2c       ?SetKey@SimpleKeyingInterface@CryptoPP@@UAEXPBEIABVNameValuePairs@2@@Z 00403c2c f   cryptopp:cryptopp.dll
 0001:00002c32       ?IsValidKeyLength@CipherModeBase@CryptoPP@@UBE_NI@Z 00403c32 f   cryptopp:cryptopp.dll
 0001:00002c38       ?GetValidKeyLength@CipherModeBase@CryptoPP@@UBEII@Z 00403c38 f   cryptopp:cryptopp.dll
 0001:00002c3e       ?DefaultKeyLength@CipherModeBase@CryptoPP@@UBEIXZ 00403c3e f   cryptopp:cryptopp.dll
 0001:00002c44       ?MaxKeyLength@CipherModeBase@CryptoPP@@UBEIXZ 00403c44 f   cryptopp:cryptopp.dll
 0001:00002c4a       ?MinKeyLength@CipherModeBase@CryptoPP@@UBEIXZ 00403c4a f   cryptopp:cryptopp.dll
 0001:00002c50       ??0?$CFB_EncryptionTemplate@V?$AbstractPolicyHolder@VCFB_CipherAbstractPolicy@CryptoPP@@VCFB_ModePolicy@2@@CryptoPP@@@CryptoPP@@QAE@XZ 00403c50 f   cryptopp:cryptopp.dll
 0001:00002c56       ?IsForwardTransformation@?$CFB_DecryptionTemplate@V?$AbstractPolicyHolder@VCFB_CipherAbstractPolicy@CryptoPP@@VCFB_ModePolicy@2@@CryptoPP@@@CryptoPP@@EBE_NXZ 00403c56 f   cryptopp:cryptopp.dll
 0001:00002c5c       ?CombineMessageAndShiftRegister@?$CFB_DecryptionTemplate@V?$AbstractPolicyHolder@VCFB_CipherAbstractPolicy@CryptoPP@@VCFB_ModePolicy@2@@CryptoPP@@@CryptoPP@@EAEXPAE0PBEI@Z 00403c5c f   cryptopp:cryptopp.dll
 0001:00002c62       ??0?$CFB_DecryptionTemplate@V?$AbstractPolicyHolder@VCFB_CipherAbstractPolicy@CryptoPP@@VCFB_ModePolicy@2@@CryptoPP@@@CryptoPP@@QAE@XZ 00403c62 f   cryptopp:cryptopp.dll
 0001:00002c68       ??1Store@CryptoPP@@UAE@XZ  00403c68 f   cryptopp:cryptopp.dll
 0001:00002c6e       ??0Base@DES_EDE3@CryptoPP@@QAE@XZ 00403c6e f   cryptopp:cryptopp.dll
 0001:00002c74       ?AdvancedProcessBlocks@Enc@Rijndael@CryptoPP@@UBEIPBE0PAEII@Z 00403c74 f   cryptopp:cryptopp.dll
 0001:00002c7a       ?OptimalNumberOfParallelBlocks@BlockTransformation@CryptoPP@@UBEIXZ 00403c7a f   cryptopp:cryptopp.dll
 0001:00002c80       ?IsPermutation@BlockTransformation@CryptoPP@@UBE_NXZ 00403c80 f   cryptopp:cryptopp.dll
 0001:00002c86       ?OptimalDataAlignment@BlockTransformation@CryptoPP@@UBEIXZ 00403c86 f   cryptopp:cryptopp.dll
 0001:00002c8c       ?BlockSize@?$BlockCipherImpl@URijndael_Info@CryptoPP@@VBlockCipher@2@@CryptoPP@@UBEIXZ 00403c8c f   cryptopp:cryptopp.dll
 0001:00002c92       ?ProcessAndXorBlock@Enc@Rijndael@CryptoPP@@UBEXPBE0PAE@Z 00403c92 f   cryptopp:cryptopp.dll
 0001:00002c98       ?AlgorithmName@?$AlgorithmImpl@V?$SimpleKeyingInterfaceImpl@V?$TwoBases@VBlockCipher@CryptoPP@@URijndael_Info@2@@CryptoPP@@V12@@CryptoPP@@V12@@CryptoPP@@UBE?AV?$basic_string@DU?$char_traits@D@std@@V?$allocator@D@2@@std@@XZ 00403c98 f   cryptopp:cryptopp.dll
 0001:00002c9e       ?UncheckedSetKey@Base@Rijndael@CryptoPP@@UAEXPBEIABVNameValuePairs@3@@Z 00403c9e f   cryptopp:cryptopp.dll
 0001:00002ca4       ?GetAlgorithm@BlockCipher@CryptoPP@@MBEABVAlgorithm@2@XZ 00403ca4 f   cryptopp:cryptopp.dll
 0001:00002caa       ?Resynchronize@SimpleKeyingInterface@CryptoPP@@UAEXPBEH@Z 00403caa f   cryptopp:cryptopp.dll
 0001:00002cb0       ?IVSize@?$SimpleKeyingInterfaceImpl@V?$TwoBases@VBlockCipher@CryptoPP@@URijndael_Info@2@@CryptoPP@@V12@@CryptoPP@@UBEIXZ 00403cb0 f   cryptopp:cryptopp.dll
 0001:00002cb6       ?IVRequirement@?$SimpleKeyingInterfaceImpl@V?$TwoBases@VBlockCipher@CryptoPP@@URijndael_Info@2@@CryptoPP@@V12@@CryptoPP@@UBE?AW4IV_Requirement@SimpleKeyingInterface@2@XZ 00403cb6 f   cryptopp:cryptopp.dll
 0001:00002cbc       ?IsValidKeyLength@SimpleKeyingInterface@CryptoPP@@UBE_NI@Z 00403cbc f   cryptopp:cryptopp.dll
 0001:00002cc2       ?GetValidKeyLength@?$SimpleKeyingInterfaceImpl@V?$TwoBases@VBlockCipher@CryptoPP@@URijndael_Info@2@@CryptoPP@@V12@@CryptoPP@@UBEII@Z 00403cc2 f   cryptopp:cryptopp.dll
 0001:00002cc8       ?DefaultKeyLength@?$SimpleKeyingInterfaceImpl@V?$TwoBases@VBlockCipher@CryptoPP@@URijndael_Info@2@@CryptoPP@@V12@@CryptoPP@@UBEIXZ 00403cc8 f   cryptopp:cryptopp.dll
 0001:00002cce       ?MaxKeyLength@?$SimpleKeyingInterfaceImpl@V?$TwoBases@VBlockCipher@CryptoPP@@URijndael_Info@2@@CryptoPP@@V12@@CryptoPP@@UBEIXZ 00403cce f   cryptopp:cryptopp.dll
 0001:00002cd4       ?MinKeyLength@?$SimpleKeyingInterfaceImpl@V?$TwoBases@VBlockCipher@CryptoPP@@URijndael_Info@2@@CryptoPP@@V12@@CryptoPP@@UBEIXZ 00403cd4 f   cryptopp:cryptopp.dll
 0001:00002cda       ??1PK_SignatureScheme@CryptoPP@@UAE@XZ 00403cda f   cryptopp:cryptopp.dll
 0001:00002ce0       ??0Algorithm@CryptoPP@@QAE@_N@Z 00403ce0 f   cryptopp:cryptopp.dll
 0001:00002ce6       ?AdvancedProcessBlocks@BlockTransformation@CryptoPP@@UBEIPBE0PAEII@Z 00403ce6 f   cryptopp:cryptopp.dll
 0001:00002cec       ?BlockSize@?$BlockCipherImpl@UDES_EDE3_Info@CryptoPP@@VBlockCipher@2@@CryptoPP@@UBEIXZ 00403cec f   cryptopp:cryptopp.dll
 0001:00002cf2       ?ProcessAndXorBlock@Base@DES_EDE3@CryptoPP@@UBEXPBE0PAE@Z 00403cf2 f   cryptopp:cryptopp.dll
 0001:00002cf8       ?AlgorithmName@?$AlgorithmImpl@V?$SimpleKeyingInterfaceImpl@V?$TwoBases@VBlockCipher@CryptoPP@@UDES_EDE3_Info@2@@CryptoPP@@V12@@CryptoPP@@V12@@CryptoPP@@UBE?AV?$basic_string@DU?$char_traits@D@std@@V?$allocator@D@2@@std@@XZ 00403cf8 f   cryptopp:cryptopp.dll
 0001:00002cfe       ?UncheckedSetKey@Base@DES_EDE3@CryptoPP@@UAEXPBEIABVNameValuePairs@3@@Z 00403cfe f   cryptopp:cryptopp.dll
 0001:00002d04       ?IVSize@?$SimpleKeyingInterfaceImpl@V?$TwoBases@VBlockCipher@CryptoPP@@UDES_EDE3_Info@2@@CryptoPP@@V12@@CryptoPP@@UBEIXZ 00403d04 f   cryptopp:cryptopp.dll
 0001:00002d0a       ?IVRequirement@?$SimpleKeyingInterfaceImpl@V?$TwoBases@VBlockCipher@CryptoPP@@UDES_EDE3_Info@2@@CryptoPP@@V12@@CryptoPP@@UBE?AW4IV_Requirement@SimpleKeyingInterface@2@XZ 00403d0a f   cryptopp:cryptopp.dll
 0001:00002d10       ?GetValidKeyLength@?$SimpleKeyingInterfaceImpl@V?$TwoBases@VBlockCipher@CryptoPP@@UDES_EDE3_Info@2@@CryptoPP@@V12@@CryptoPP@@UBEII@Z 00403d10 f   cryptopp:cryptopp.dll
 0001:00002d16       ?DefaultKeyLength@?$SimpleKeyingInterfaceImpl@V?$TwoBases@VBlockCipher@CryptoPP@@UDES_EDE3_Info@2@@CryptoPP@@V12@@CryptoPP@@UBEIXZ 00403d16 f   cryptopp:cryptopp.dll
 0001:00002d1c       ?MaxKeyLength@?$SimpleKeyingInterfaceImpl@V?$TwoBases@VBlockCipher@CryptoPP@@UDES_EDE3_Info@2@@CryptoPP@@V12@@CryptoPP@@UBEIXZ 00403d1c f   cryptopp:cryptopp.dll
 0001:00002d22       ?MinKeyLength@?$SimpleKeyingInterfaceImpl@V?$TwoBases@VBlockCipher@CryptoPP@@UDES_EDE3_Info@2@@CryptoPP@@V12@@CryptoPP@@UBEIXZ 00403d22 f   cryptopp:cryptopp.dll
 0001:00002d28       ?MoveInto@?$AlgorithmParametersTemplate@VConstByteArrayParameter@CryptoPP@@@CryptoPP@@UBEXPAX@Z 00403d28 f   cryptopp:cryptopp.dll
 0001:00002d2e       ?AssignValue@?$AlgorithmParametersTemplate@VConstByteArrayParameter@CryptoPP@@@CryptoPP@@UBEXPBDABVtype_info@@PAX@Z 00403d2e f   cryptopp:cryptopp.dll
 0001:00002d34       ??0?$AlgorithmParametersTemplate@VConstByteArrayParameter@CryptoPP@@@CryptoPP@@QAE@PBDABVConstByteArrayParameter@1@_N@Z 00403d34 f   cryptopp:cryptopp.dll
 0001:00002d3a       ??1?$AlgorithmParametersTemplate@VConstByteArrayParameter@CryptoPP@@@CryptoPP@@UAE@XZ 00403d3a f   cryptopp:cryptopp.dll
 0001:00002d40       ??0Enc@Rijndael@CryptoPP@@QAE@ABV012@@Z 00403d40 f   cryptopp:cryptopp.dll
 0001:00002d46       ??0Base@DES_EDE3@CryptoPP@@QAE@ABV012@@Z 00403d46 f   cryptopp:cryptopp.dll
 0001:00002d4c       ??1AlgorithmParameters@CryptoPP@@UAE@XZ 00403d4c f   cryptopp:cryptopp.dll
 0001:00002d52       ??0AlgorithmParameters@CryptoPP@@QAE@ABV01@@Z 00403d52 f   cryptopp:cryptopp.dll
 0001:00002d58       ??0AlgorithmParameters@CryptoPP@@QAE@XZ 00403d58 f   cryptopp:cryptopp.dll
 0001:00002d5e       ??_D?$DL_PrivateKey_WithSignaturePairwiseConsistencyTest@V?$DL_PrivateKey_GFP@VDL_GroupParameters_DSA@CryptoPP@@@CryptoPP@@UDSA@2@@CryptoPP@@QAEXXZ 00403d5e f   cryptopp:cryptopp.dll
 0001:00002d64       ??_D?$DL_PublicKey_GFP@VDL_GroupParameters_DSA@CryptoPP@@@CryptoPP@@QAEXXZ 00403d64 f   cryptopp:cryptopp.dll
 0001:00002d6a       ?IsForwardTransformation@BlockOrientedCipherModeBase@CryptoPP@@UBE_NXZ 00403d6a f   cryptopp:cryptopp.dll
 0001:00002d70       ?IsSelfInverting@BlockOrientedCipherModeBase@CryptoPP@@UBE_NXZ 00403d70 f   cryptopp:cryptopp.dll
 0001:00002d76       ?IsRandomAccess@BlockOrientedCipherModeBase@CryptoPP@@UBE_NXZ 00403d76 f   cryptopp:cryptopp.dll
 0001:00002d7c       ?ProcessData@ECB_OneWay@CryptoPP@@UAEXPAEPBEI@Z 00403d7c f   cryptopp:cryptopp.dll
 0001:00002d82       ?OptimalDataAlignment@CipherModeBase@CryptoPP@@UBEIXZ 00403d82 f   cryptopp:cryptopp.dll
 0001:00002d88       ?OptimalBlockSize@ECB_OneWay@CryptoPP@@UBEIXZ 00403d88 f   cryptopp:cryptopp.dll
 0001:00002d8e       ?MandatoryBlockSize@BlockOrientedCipherModeBase@CryptoPP@@UBEIXZ 00403d8e f   cryptopp:cryptopp.dll
 0001:00002d94       ?ResizeBuffers@BlockOrientedCipherModeBase@CryptoPP@@MAEXXZ 00403d94 f   cryptopp:cryptopp.dll
 0001:00002d9a       ?SetFeedbackSize@CipherModeBase@CryptoPP@@MAEXI@Z 00403d9a f   cryptopp:cryptopp.dll
 0001:00002da0       ?UncheckedSetKey@BlockOrientedCipherModeBase@CryptoPP@@UAEXPBEIABVNameValuePairs@2@@Z 00403da0 f   cryptopp:cryptopp.dll
 0001:00002da6       ?Resynchronize@BlockOrientedCipherModeBase@CryptoPP@@UAEXPBEH@Z 00403da6 f   cryptopp:cryptopp.dll
 0001:00002dac       ?IVRequirement@ECB_OneWay@CryptoPP@@UBE?AW4IV_Requirement@SimpleKeyingInterface@2@XZ 00403dac f   cryptopp:cryptopp.dll
 0001:00002db2       ?SetKey@ECB_OneWay@CryptoPP@@UAEXPBEIABVNameValuePairs@2@@Z 00403db2 f   cryptopp:cryptopp.dll
 0001:00002db8       ??0?$DL_PrivateKey_WithSignaturePairwiseConsistencyTest@V?$DL_PrivateKey_GFP@VDL_GroupParameters_DSA@CryptoPP@@@CryptoPP@@UDSA@2@@CryptoPP@@QAE@XZ 00403db8 f   cryptopp:cryptopp.dll
 0001:00002dbe       ??0?$DL_PublicKey_GFP@VDL_GroupParameters_DSA@CryptoPP@@@CryptoPP@@QAE@XZ 00403dbe f   cryptopp:cryptopp.dll
 0001:00002dc4       ??0Exception@CryptoPP@@QAE@ABV01@@Z 00403dc4 f   cryptopp:cryptopp.dll
 0001:00002dca       ??0InvalidArgument@CryptoPP@@QAE@ABV01@@Z 00403dca f   cryptopp:cryptopp.dll
 0001:00002dd0       ??1InvalidArgument@CryptoPP@@UAE@XZ 00403dd0 f   cryptopp:cryptopp.dll
 0001:00002dd6       ??0InvalidArgument@CryptoPP@@QAE@ABV?$basic_string@DU?$char_traits@D@std@@V?$allocator@D@2@@std@@@Z 00403dd6 f   cryptopp:cryptopp.dll
 0001:00002ddc       ?GetPrivateKey@PrivateKeyAlgorithm@CryptoPP@@UBEABVPrivateKey@2@XZ 00403ddc f   cryptopp:cryptopp.dll
 0001:00002de2       ?GetMaterial@PrivateKeyAlgorithm@CryptoPP@@UBEABVCryptoMaterial@2@XZ 00403de2 f   cryptopp:cryptopp.dll
 0001:00002de8       ?AccessMaterial@PrivateKeyAlgorithm@CryptoPP@@UAEAAVCryptoMaterial@2@XZ 00403de8 f   cryptopp:cryptopp.dll
 0001:00002dee       ?SignMessageWithRecovery@PK_Signer@CryptoPP@@UBEIAAVRandomNumberGenerator@2@PBEI1IPAE@Z 00403dee f   cryptopp:cryptopp.dll
 0001:00002df4       ?SignMessage@PK_Signer@CryptoPP@@UBEIAAVRandomNumberGenerator@2@PBEIPAE@Z 00403df4 f   cryptopp:cryptopp.dll
 0001:00002dfa       ?Sign@PK_Signer@CryptoPP@@UBEIAAVRandomNumberGenerator@2@PAVPK_MessageAccumulator@2@PAE@Z 00403dfa f   cryptopp:cryptopp.dll
 0001:00002e00       ?SignatureUpfront@PK_SignatureScheme@CryptoPP@@UBE_NXZ 00403e00 f   cryptopp:cryptopp.dll
 0001:00002e06       ?MaxSignatureLength@PK_SignatureScheme@CryptoPP@@UBEII@Z 00403e06 f   cryptopp:cryptopp.dll
 0001:00002e0c       ?VerifyTruncatedDigest@HashTransformation@CryptoPP@@UAE_NPBEI0I@Z 00403e0c f   cryptopp:cryptopp.dll
 0001:00002e12       ?TruncatedVerify@HashTransformation@CryptoPP@@UAE_NPBEI@Z 00403e12 f   cryptopp:cryptopp.dll
 0001:00002e18       ?CalculateTruncatedDigest@HashTransformation@CryptoPP@@UAEXPAEIPBEI@Z 00403e18 f   cryptopp:cryptopp.dll
 0001:00002e1e       ?TruncatedFinal@PK_MessageAccumulator@CryptoPP@@UAEXPAEI@Z 00403e1e f   cryptopp:cryptopp.dll
 0001:00002e24       ?VerifyDigest@HashTransformation@CryptoPP@@UAE_NPBE0I@Z 00403e24 f   cryptopp:cryptopp.dll
 0001:00002e2a       ?Verify@HashTransformation@CryptoPP@@UAE_NPBE@Z 00403e2a f   cryptopp:cryptopp.dll
 0001:00002e30       ?CalculateDigest@HashTransformation@CryptoPP@@UAEXPAEPBEI@Z 00403e30 f   cryptopp:cryptopp.dll
 0001:00002e36       ?OptimalDataAlignment@HashTransformation@CryptoPP@@UBEIXZ 00403e36 f   cryptopp:cryptopp.dll
 0001:00002e3c       ?OptimalBlockSize@HashTransformation@CryptoPP@@UBEIXZ 00403e3c f   cryptopp:cryptopp.dll
 0001:00002e42       ?BlockSize@HashTransformation@CryptoPP@@UBEIXZ 00403e42 f   cryptopp:cryptopp.dll
 0001:00002e48       ?DigestSize@PK_MessageAccumulator@CryptoPP@@UBEIXZ 00403e48 f   cryptopp:cryptopp.dll
 0001:00002e4e       ?Restart@HashTransformation@CryptoPP@@UAEXXZ 00403e4e f   cryptopp:cryptopp.dll
 0001:00002e54       ?Final@HashTransformation@CryptoPP@@UAEXPAE@Z 00403e54 f   cryptopp:cryptopp.dll
 0001:00002e5a       ?CreateUpdateSpace@HashTransformation@CryptoPP@@UAEPAEAAI@Z 00403e5a f   cryptopp:cryptopp.dll
 0001:00002e60       ?Update@PK_MessageAccumulatorBase@CryptoPP@@UAEXPBEI@Z 00403e60 f   cryptopp:cryptopp.dll
 0001:00002e66       ??1PK_MessageAccumulatorBase@CryptoPP@@UAE@XZ 00403e66 f   cryptopp:cryptopp.dll
 0001:00002e6c       ??0SHA1@CryptoPP@@QAE@XZ   00403e6c f   cryptopp:cryptopp.dll
 0001:00002e72       ??0PK_MessageAccumulatorBase@CryptoPP@@QAE@XZ 00403e72 f   cryptopp:cryptopp.dll
 0001:00002e78       ??1SHA1@CryptoPP@@UAE@XZ   00403e78 f   cryptopp:cryptopp.dll
 0001:00002e7e       ?VerifyMessageRepresentative@PK_DeterministicSignatureMessageEncodingMethod@CryptoPP@@UBE_NAAVHashTransformation@2@U?$pair@PBEI@std@@_NPAEI@Z 00403e7e f   cryptopp:cryptopp.dll
 0001:00002e84       ?ComputeMessageRepresentative@DL_SignatureMessageEncodingMethod_DSA@CryptoPP@@UBEXAAVRandomNumberGenerator@2@PBEIAAVHashTransformation@2@U?$pair@PBEI@std@@_NPAEI@Z 00403e84 f   cryptopp:cryptopp.dll
 0001:00002e8a       ??0DL_SignatureMessageEncodingMethod_DSA@CryptoPP@@QAE@XZ 00403e8a f   cryptopp:cryptopp.dll
 0001:00002e90       ??1DL_SignatureMessageEncodingMethod_DSA@CryptoPP@@UAE@XZ 00403e90 f   cryptopp:cryptopp.dll
 0001:00002e96       ?Encode@Integer@CryptoPP@@QBEXPAEIW4Signedness@12@@Z 00403e96 f   cryptopp:cryptopp.dll
 0001:00002e9c       ??4Integer@CryptoPP@@QAEAAV01@ABV01@@Z 00403e9c f   cryptopp:cryptopp.dll
 0001:00002ea2       ??0Integer@CryptoPP@@QAE@XZ 00403ea2 f   cryptopp:cryptopp.dll
 0001:00002ea8       ??1Integer@CryptoPP@@UAE@XZ 00403ea8 f   cryptopp:cryptopp.dll
 0001:00002eae       ??0Integer@CryptoPP@@QAE@AAVRandomNumberGenerator@1@ABV01@1W4RandomNumberType@01@11@Z 00403eae f   cryptopp:cryptopp.dll
 0001:00002eb4       ?Zero@Integer@CryptoPP@@SAABV12@XZ 00403eb4 f   cryptopp:cryptopp.dll
 0001:00002eba       ?One@Integer@CryptoPP@@SAABV12@XZ 00403eba f   cryptopp:cryptopp.dll
 0001:00002ec0       ??0Integer@CryptoPP@@QAE@J@Z 00403ec0 f   cryptopp:cryptopp.dll
 0001:00002ec6       ??0Integer@CryptoPP@@QAE@PBEIW4Signedness@01@@Z 00403ec6 f   cryptopp:cryptopp.dll
 0001:00002ecc       ?DoQuickSanityCheck@CryptoMaterial@CryptoPP@@QBEXXZ 00403ecc f   cryptopp:cryptopp.dll
 0001:00002ed2       ?Minus@Integer@CryptoPP@@QBE?AV12@ABV12@@Z 00403ed2 f   cryptopp:cryptopp.dll
 0001:00002ed8       ?BitCount@Integer@CryptoPP@@QBEIXZ 00403ed8 f   cryptopp:cryptopp.dll
 0001:00002ede       ?StaticAlgorithmName@DSA@CryptoPP@@SAPBDXZ 00403ede f   cryptopp:cryptopp.dll
 0001:00002ee4       ?GetPublicKey@PublicKeyAlgorithm@CryptoPP@@UBEABVPublicKey@2@XZ 00403ee4 f   cryptopp:cryptopp.dll
 0001:00002eea       ?GetMaterial@PublicKeyAlgorithm@CryptoPP@@UBEABVCryptoMaterial@2@XZ 00403eea f   cryptopp:cryptopp.dll
 0001:00002ef0       ?AccessMaterial@PublicKeyAlgorithm@CryptoPP@@UAEAAVCryptoMaterial@2@XZ 00403ef0 f   cryptopp:cryptopp.dll
 0001:00002ef6       ?RecoverMessage@PK_Verifier@CryptoPP@@UBE?AUDecodingResult@2@PAEPBEI1I@Z 00403ef6 f   cryptopp:cryptopp.dll
 0001:00002efc       ?Recover@PK_Verifier@CryptoPP@@UBE?AUDecodingResult@2@PAEPAVPK_MessageAccumulator@2@@Z 00403efc f   cryptopp:cryptopp.dll
 0001:00002f02       ?VerifyMessage@PK_Verifier@CryptoPP@@UBE_NPBEI0I@Z 00403f02 f   cryptopp:cryptopp.dll
 0001:00002f08       ?Verify@PK_Verifier@CryptoPP@@UBE_NPAVPK_MessageAccumulator@2@@Z 00403f08 f   cryptopp:cryptopp.dll
 0001:00002f0e       ?NullRNG@CryptoPP@@YAAAVRandomNumberGenerator@1@XZ 00403f0e f   cryptopp:cryptopp.dll
 0001:00002f14       ??0NotImplemented@CryptoPP@@QAE@ABV01@@Z 00403f14 f   cryptopp:cryptopp.dll
 0001:00002f1a       ??1NotImplemented@CryptoPP@@UAE@XZ 00403f1a f   cryptopp:cryptopp.dll
[...]
 0001:000128c7       $L65147                    004138c7 f   dlltest.obj
 0001:000128db       __ehhandler$??1?$CipherModeFinalTemplate_CipherHolder@V?$BlockCipherFinal@$0A@VBase@DES_EDE3@CryptoPP@@@CryptoPP@@V?$ConcretePolicyHolder@VEmpty@CryptoPP@@V?$CFB_RequireFullDataBlocks@V?$CFB_DecryptionTemplate@V?$AbstractPolicyHolder@VCFB_CipherAbstractPolicy@CryptoPP@@VCFB_ModePolicy@2@@CryptoPP@@@CryptoPP@@@2@VCFB_CipherAbstractPolicy@2@@2@@CryptoPP@@UAE@XZ 004138db f   dlltest.obj
 0001:000128e5       $L65194                    004138e5 f   dlltest.obj
 0001:000128f9       __ehhandler$??1?$CipherModeFinalTemplate_CipherHolder@V?$BlockCipherFinal@$0A@VBase@DES_EDE3@CryptoPP@@@CryptoPP@@VECB_OneWay@2@@CryptoPP@@UAE@XZ 004138f9 f   dlltest.obj
 0001:00012903       $L65429                    00413903 f   dlltest.obj
 0001:0001290e       $L65430                    0041390e f   dlltest.obj
 0001:00012916       __ehhandler$??0?$CipherModeFinalTemplate_CipherHolder@V?$BlockCipherFinal@$0A@VBase@DES_EDE3@CryptoPP@@@CryptoPP@@V?$ConcretePolicyHolder@VEmpty@CryptoPP@@V?$CFB_RequireFullDataBlocks@V?$CFB_EncryptionTemplate@V?$AbstractPolicyHolder@VCFB_CipherAbstractPolicy@CryptoPP@@VCFB_ModePolicy@2@@CryptoPP@@@CryptoPP@@@2@VCFB_CipherAbstractPolicy@2@@2@@CryptoPP@@QAE@XZ 00413916 f   dlltest.obj
 0001:00012920       $L65452                    00413920 f   dlltest.obj
 0001:0001292b       $L65453                    0041392b f   dlltest.obj
 0001:00012933       __ehhandler$??0?$CipherModeFinalTemplate_CipherHolder@V?$BlockCipherFinal@$0A@VBase@DES_EDE3@CryptoPP@@@CryptoPP@@V?$ConcretePolicyHolder@VEmpty@CryptoPP@@V?$CFB_RequireFullDataBlocks@V?$CFB_DecryptionTemplate@V?$AbstractPolicyHolder@VCFB_CipherAbstractPolicy@CryptoPP@@VCFB_ModePolicy@2@@CryptoPP@@@CryptoPP@@@2@VCFB_CipherAbstractPolicy@2@@2@@CryptoPP@@QAE@XZ 00413933 f   dlltest.obj
 0001:0001293d       $L65475                    0041393d f   dlltest.obj
 0001:00012948       $L65476                    00413948 f   dlltest.obj
 0001:00012950       __ehhandler$??0?$CipherModeFinalTemplate_CipherHolder@V?$BlockCipherFinal@$0A@VBase@DES_EDE3@CryptoPP@@@CryptoPP@@VECB_OneWay@2@@CryptoPP@@QAE@XZ 00413950 f   dlltest.obj
 0001:0001295a       $L65520                    0041395a f   dlltest.obj
 0001:00012962       __ehhandler$??1sentry@?$basic_ostream@DU?$char_traits@D@std@@@std@@QAE@XZ 00413962 f   dlltest.obj
 0001:0001296c       $L65575                    0041396c f   dlltest.obj
 0001:00012974       __ehhandler$??$?6U?$char_traits@D@std@@@std@@YAAAV?$basic_ostream@DU?$char_traits@D@std@@@0@AAV10@PBD@Z 00413974 f   dlltest.obj
 0001:0001297e       $L65920                    0041397e f   dlltest.obj
 0001:00012986       __ehhandler$?put@?$basic_ostream@DU?$char_traits@D@std@@@std@@QAEAAV12@D@Z 00413986 f   dlltest.obj
 0001:00012990       $L66731                    00413990 f   dlltest.obj
 0001:00012998       __ehhandler$?memcpy_s@CryptoPP@@YGXPAXIPBXI@Z 00413998 f   dlltest.obj
 0001:000129a2       $L66804                    004139a2 f   dlltest.obj
 0001:000129ac       $L66810                    004139ac f   dlltest.obj
 0001:000129b5       __ehhandler$?NewSignatureAccumulator@?$DL_SignerImpl@U?$DL_SignatureSchemeOptions@UDSA@CryptoPP@@UDL_Keys_DSA@2@V?$DL_Algorithm_GDSA@VInteger@CryptoPP@@@2@VDL_SignatureMessageEncodingMethod_DSA@2@VSHA1@2@@CryptoPP@@@CryptoPP@@UBEPAVPK_MessageAccumulator@2@AAVRandomNumberGenerator@2@@Z 004139b5 f   dlltest.obj
 0001:000129bf       $L66863                    004139bf f   dlltest.obj
 0001:000129c8       __ehhandler$??1?$PK_MessageAccumulatorImpl@VSHA1@CryptoPP@@@CryptoPP@@UAE@XZ 004139c8 f   dlltest.obj
 0001:000129d2       $L66984                    004139d2 f   dlltest.obj
 0001:000129da       $L66985                    004139da f   dlltest.obj
 0001:000129e6       $L66986                    004139e6 f   dlltest.obj
 0001:000129f2       $L66987                    004139f2 f   dlltest.obj
 0001:000129fe       $L66988                    004139fe f   dlltest.obj
 0001:00012a0a       $L66989                    00413a0a f   dlltest.obj
 0001:00012a13       $L66990                    00413a13 f   dlltest.obj
 0001:00012a1c       $L66991                    00413a1c f   dlltest.obj
 0001:00012a25       $L66992                    00413a25 f   dlltest.obj
 0001:00012a31       $L66993                    00413a31 f   dlltest.obj
 0001:00012a3d       __ehhandler$?SignAndRestart@?$DL_SignerBase@VInteger@CryptoPP@@@CryptoPP@@UBEIAAVRandomNumberGenerator@2@AAVPK_MessageAccumulator@2@PAE_N@Z 00413a3d f   dlltest.obj
 0001:00012a47       $L67141                    00413a47 f   dlltest.obj
 0001:00012a51       $L67146                    00413a51 f   dlltest.obj
 0001:00012a5a       __ehhandler$?NewVerificationAccumulator@?$DL_VerifierImpl@U?$DL_SignatureSchemeOptions@UDSA@CryptoPP@@UDL_Keys_DSA@2@V?$DL_Algorithm_GDSA@VInteger@CryptoPP@@@2@VDL_SignatureMessageEncodingMethod_DSA@2@VSHA1@2@@CryptoPP@@@CryptoPP@@UBEPAVPK_MessageAccumulator@2@XZ 00413a5a f   dlltest.obj
 0001:00012a64       $L67183                    00413a64 f   dlltest.obj
 0001:00012a6c       $L67184                    00413a6c f   dlltest.obj
 0001:00012a75       $L67185                    00413a75 f   dlltest.obj
 0001:00012a7e       __ehhandler$?VerifyAndRestart@?$DL_VerifierBase@VInteger@CryptoPP@@@CryptoPP@@UBE_NAAVPK_MessageAccumulator@2@@Z 00413a7e f   dlltest.obj
 0001:00012a88       $L67259                    00413a88 f   dlltest.obj
 0001:00012a90       $L67260                    00413a90 f   dlltest.obj
 0001:00012a99       $L67261                    00413a99 f   dlltest.obj
 0001:00012aa2       $L67262                    00413aa2 f   dlltest.obj
 0001:00012aab       __ehhandler$?RecoverAndRestart@?$DL_VerifierBase@VInteger@CryptoPP@@@CryptoPP@@UBE?AUDecodingResult@2@PAEAAVPK_MessageAccumulator@2@@Z 00413aab f   dlltest.obj
 0001:00012ab5       $L67352                    00413ab5 f   dlltest.obj
 0001:00012abd       __ehhandler$?RecoverablePartFirst@PK_SignatureMessageEncodingMethod@CryptoPP@@UBE_NXZ 00413abd f   dlltest.obj
 0001:00012ac7       $L67368                    00413ac7 f   dlltest.obj
 0001:00012acf       __ehhandler$?RecoverMessageFromRepresentative@PK_SignatureMessageEncodingMethod@CryptoPP@@UBE?AUDecodingResult@2@AAVHashTransformation@2@U?$pair@PBEI@std@@_NPAEI3@Z 00413acf f   dlltest.obj
 0001:00012ad9       $L67384                    00413ad9 f   dlltest.obj
 0001:00012ae1       __ehhandler$?RecoverMessageFromSemisignature@PK_SignatureMessageEncodingMethod@CryptoPP@@UBE?AUDecodingResult@2@AAVHashTransformation@2@U?$pair@PBEI@std@@PBEI2IPAE@Z 00413ae1 f   dlltest.obj
 0001:00012aeb       $L67404                    00413aeb f   dlltest.obj
 0001:00012af3       __ehhandler$??0?$PK_FinalTemplate@V?$DL_SignerImpl@U?$DL_SignatureSchemeOptions@UDSA@CryptoPP@@UDL_Keys_DSA@2@V?$DL_Algorithm_GDSA@VInteger@CryptoPP@@@2@VDL_SignatureMessageEncodingMethod_DSA@2@VSHA1@2@@CryptoPP@@@CryptoPP@@@CryptoPP@@QAE@ABVCryptoMaterial@1@@Z 00413af3 f   dlltest.obj
 0001:00012afd       $L67432                    00413afd f   dlltest.obj
 0001:00012b05       __ehhandler$?AllowNonrecoverablePart@PK_SignatureMessageEncodingMethod@CryptoPP@@QBE_NXZ 00413b05 f   dlltest.obj
 0001:00012b0f       $L67447                    00413b0f f   dlltest.obj
 0001:00012b17       __ehhandler$??0?$PK_FinalTemplate@V?$DL_VerifierImpl@U?$DL_SignatureSchemeOptions@UDSA@CryptoPP@@UDL_Keys_DSA@2@V?$DL_Algorithm_GDSA@VInteger@CryptoPP@@@2@VDL_SignatureMessageEncodingMethod_DSA@2@VSHA1@2@@CryptoPP@@@CryptoPP@@@CryptoPP@@QAE@ABVCryptoMaterial@1@@Z 00413b17 f   dlltest.obj
 0001:00012b21       $L67477                    00413b21 f   dlltest.obj
 0001:00012b2c       __ehhandler$??$?0V?$basic_string@DU?$char_traits@D@std@@V?$allocator@D@2@@std@@@ConstByteArrayParameter@CryptoPP@@QAE@ABV?$basic_string@DU?$char_traits@D@std@@V?$allocator@D@2@@std@@_N@Z 00413b2c f   dlltest.obj
 0001:00012b36       $L67515                    00413b36 f   dlltest.obj
 0001:00012b3f       $L67516                    00413b3f f   dlltest.obj
 0001:00012b47       $L67517                    00413b47 f   dlltest.obj
 0001:00012b50       __ehhandler$??$?0V?$basic_string@DU?$char_traits@D@std@@V?$allocator@D@2@@std@@@StringStore@CryptoPP@@QAE@ABV?$basic_string@DU?$char_traits@D@std@@V?$allocator@D@2@@std@@@Z 00413b50 f   dlltest.obj
 0001:00012b5a       $L67559                    00413b5a f   dlltest.obj
 0001:00012b65       $L67560                    00413b65 f   dlltest.obj
 0001:00012b70       $L67561                    00413b70 f   dlltest.obj
 0001:00012b7b       $L67562                    00413b7b f   dlltest.obj
 0001:00012b87       $L67563                    00413b87 f   dlltest.obj
 0001:00012b93       $L67564                    00413b93 f   dlltest.obj
 0001:00012b9f       $L67565                    00413b9f f   dlltest.obj
 0001:00012bab       $L67566                    00413bab f   dlltest.obj
 0001:00012bb6       $L67567                    00413bb6 f   dlltest.obj
 0001:00012bc1       $L67568                    00413bc1 f   dlltest.obj
 0001:00012bcd       $L67569                    00413bcd f   dlltest.obj
 0001:00012bd9       $L67570                    00413bd9 f   dlltest.obj
 0001:00012be5       $L67571                    00413be5 f   dlltest.obj
 0001:00012bf0       $L67572                    00413bf0 f   dlltest.obj
 0001:00012bfc       $L67573                    00413bfc f   dlltest.obj
 0001:00012c07       $L67574                    00413c07 f   dlltest.obj
 0001:00012c12       $L67575                    00413c12 f   dlltest.obj
 0001:00012c1d       $L67576                    00413c1d f   dlltest.obj
 0001:00012c28       __ehhandler$?FIPS140_SampleApplication@@YGXXZ 00413c28 f   dlltest.obj
 0001:00012c32       $L68172                    00413c32 f   dlltest.obj
 0001:00012c3a       $L68173                    00413c3a f   dlltest.obj
 0001:00012c42       $L68174                    00413c42 f   dlltest.obj
 0001:00012c5b       __ehhandler$?StaticAlgorithmName@?$CipherModeFinalTemplate_CipherHolder@V?$BlockCipherFinal@$0A@VBase@DES_EDE3@CryptoPP@@@CryptoPP@@V?$ConcretePolicyHolder@VEmpty@CryptoPP@@V?$CFB_RequireFullDataBlocks@V?$CFB_EncryptionTemplate@V?$AbstractPolicyHolder@VCFB_CipherAbstractPolicy@CryptoPP@@VCFB_ModePolicy@2@@CryptoPP@@@CryptoPP@@@2@VCFB_CipherAbstractPolicy@2@@2@@CryptoPP@@SA?AV?$basic_string@DU?$char_traits@D@std@@V?$allocator@D@2@@std@@XZ 00413c5b f   dlltest.obj
 0001:00012c65       $L68192                    00413c65 f   dlltest.obj
 0001:00012c6d       $L68193                    00413c6d f   dlltest.obj
 0001:00012c86       __ehhandler$??$?HDU?$char_traits@D@std@@V?$allocator@D@1@@std@@YA?AV?$basic_string@DU?$char_traits@D@std@@V?$allocator@D@2@@0@ABV10@PBD@Z 00413c86 f   dlltest.obj
 0001:00012c90       $L68401                    00413c90 f   dlltest.obj
 0001:00012c98       $L68402                    00413c98 f   dlltest.obj
 0001:00012ca0       $L68403                    00413ca0 f   dlltest.obj
 0001:00012cb9       __ehhandler$?StaticAlgorithmName@?$CipherModeFinalTemplate_CipherHolder@V?$BlockCipherFinal@$0A@VBase@DES_EDE3@CryptoPP@@@CryptoPP@@V?$ConcretePolicyHolder@VEmpty@CryptoPP@@V?$CFB_RequireFullDataBlocks@V?$CFB_DecryptionTemplate@V?$AbstractPolicyHolder@VCFB_CipherAbstractPolicy@CryptoPP@@VCFB_ModePolicy@2@@CryptoPP@@@CryptoPP@@@2@VCFB_CipherAbstractPolicy@2@@2@@CryptoPP@@SA?AV?$basic_string@DU?$char_traits@D@std@@V?$allocator@D@2@@std@@XZ 00413cb9 f   dlltest.obj
 0001:00012cc3       $L68427                    00413cc3 f   dlltest.obj
 0001:00012ccb       $L68428                    00413ccb f   dlltest.obj
 0001:00012cd3       $L68429                    00413cd3 f   dlltest.obj
 0001:00012cec       __ehhandler$?StaticAlgorithmName@?$CipherModeFinalTemplate_CipherHolder@V?$BlockCipherFinal@$0A@VBase@DES_EDE3@CryptoPP@@@CryptoPP@@VECB_OneWay@2@@CryptoPP@@SA?AV?$basic_string@DU?$char_traits@D@std@@V?$allocator@D@2@@std@@XZ 00413cec f   dlltest.obj
 0001:00012cf6       $L8258                     00413cf6 f   libcpmt:ios.obj
 0001:00012cfe       __ehhandler$?imbue@ios_base@std@@QAE?AVlocale@2@ABV32@@Z 00413cfe f   libcpmt:ios.obj
 0001:00012d08       $L8601                     00413d08 f   libcpmt:ios.obj
 0001:00012d10       __ehhandler$??0runtime_error@std@@QAE@ABV?$basic_string@DU?$char_traits@D@std@@V?$allocator@D@2@@1@@Z 00413d10 f   libcpmt:ios.obj
 0001:00012d1a       $L8663                     00413d1a f   libcpmt:ios.obj
 0001:00012d22       $L8664                     00413d22 f   libcpmt:ios.obj
 0001:00012d2a       $L8665                     00413d2a f   libcpmt:ios.obj
 0001:00012d35       __ehhandler$?clear@ios_base@std@@QAEXH_N@Z 00413d35 f   libcpmt:ios.obj
 0001:00012d3f       $L8700                     00413d3f f   libcpmt:ios.obj
 0001:00012d47       __ehhandler$??0runtime_error@std@@QAE@ABV01@@Z 00413d47 f   libcpmt:ios.obj
 0001:00012d51       $L11600                    00413d51 f   libcpmt:string.obj
 0001:00012d59       __ehhandler$??0logic_error@std@@QAE@ABV?$basic_string@DU?$char_traits@D@std@@V?$allocator@D@2@@1@@Z 00413d59 f   libcpmt:string.obj
 0001:00012d63       $L11664                    00413d63 f   libcpmt:string.obj
 0001:00012d6b       __ehhandler$?_Xran@_String_base@std@@QBEXXZ 00413d6b f   libcpmt:string.obj
 0001:00012d75       $L11742                    00413d75 f   libcpmt:string.obj
 0001:00012d7d       __ehhandler$??0logic_error@std@@QAE@ABV01@@Z 00413d7d f   libcpmt:string.obj
 0001:00012d87       $L11871                    00413d87 f   libcpmt:string.obj
 0001:00012d8f       __ehhandler$?_Xlen@_String_base@std@@QBEXXZ 00413d8f f   libcpmt:string.obj
 0001:00012d99       $L12389                    00413d99 f   libcpmt:cerr.obj
 0001:00012da1       __ehhandler$??0?$ctype@D@std@@QAE@PBF_NI@Z 00413da1 f   libcpmt:cerr.obj
 0001:00012dab       $L12442                    00413dab f   libcpmt:cerr.obj
 0001:00012db5       __ehhandler$?_Getcat@?$ctype@D@std@@SAIPAPBVfacet@locale@2@@Z 00413db5 f   libcpmt:cerr.obj
 0001:00012dbf       $L12724                    00413dbf f   libcpmt:cerr.obj
 0001:00012dc7       __ehhandler$??$use_facet@V?$ctype@D@std@@@std@@YAABV?$ctype@D@0@ABVlocale@0@@Z 00413dc7 f   libcpmt:cerr.obj
 0001:00012dd1       $L12768                    00413dd1 f   libcpmt:cerr.obj
 0001:00012ddc       __ehhandler$??0?$basic_streambuf@DU?$char_traits@D@std@@@std@@IAE@XZ 00413ddc f   libcpmt:cerr.obj
 0001:00012de6       $L12781                    00413de6 f   libcpmt:cerr.obj
 0001:00012dee       __ehhandler$?widen@?$basic_ios@DU?$char_traits@D@std@@@std@@QBEDD@Z 00413dee f   libcpmt:cerr.obj
 0001:00012df8       $L13072                    00413df8 f   libcpmt:cerr.obj
 0001:00012e14       __ehhandler$??0?$basic_ostream@DU?$char_traits@D@std@@@std@@QAE@PAV?$basic_streambuf@DU?$char_traits@D@std@@@1@_N@Z 00413e14 f   libcpmt:cerr.obj
 0001:00012e1e       $L13098                    00413e1e f   libcpmt:cerr.obj
 0001:00012e28       __ehhandler$?_Initcvt@?$basic_filebuf@DU?$char_traits@D@std@@@std@@IAEXPAV?$codecvt@DDH@2@@Z 00413e28 f   libcpmt:cerr.obj
 0001:00012e32       $L13180                    00413e32 f   libcpmt:cerr.obj
 0001:00012e3a       __ehhandler$??$use_facet@V?$codecvt@DDH@std@@@std@@YAABV?$codecvt@DDH@0@ABVlocale@0@@Z 00413e3a f   libcpmt:cerr.obj
 0001:00012e44       $L13227                    00413e44 f   libcpmt:cerr.obj
 0001:00012e4e       $L13230                    00413e4e f   libcpmt:cerr.obj
 0001:00012e56       __ehhandler$?_Getcat@?$codecvt@DDH@std@@SAIPAPBVfacet@locale@2@@Z 00413e56 f   libcpmt:cerr.obj
 0001:00012e60       $L13656                    00413e60 f   libcpmt:cerr.obj
 0001:00012e68       __ehhandler$?_Endwrite@?$basic_filebuf@DU?$char_traits@D@std@@@std@@IAE_NXZ 00413e68 f   libcpmt:cerr.obj
 0001:00012e72       $L13861                    00413e72 f   libcpmt:cerr.obj
 0001:00012e7a       __ehhandler$?overflow@?$basic_filebuf@DU?$char_traits@D@std@@@std@@MAEHH@Z 00413e7a f   libcpmt:cerr.obj
 0001:00012e84       $L14222                    00413e84 f   libcpmt:cerr.obj
 0001:00012e8c       __ehhandler$??1?$basic_filebuf@DU?$char_traits@D@std@@@std@@UAE@XZ 00413e8c f   libcpmt:cerr.obj
 0001:00012e96       $L12841                    00413e96 f   libcpmt:locale0.obj
 0001:00012e9e       $L12842                    00413e9e f   libcpmt:locale0.obj
 0001:00012ea9       $L12843                    00413ea9 f   libcpmt:locale0.obj
 0001:00012eb1       __ehhandler$??1_Locimp@locale@std@@MAE@XZ 00413eb1 f   libcpmt:locale0.obj
 0001:00012ebb       $L13006                    00413ebb f   libcpmt:locale0.obj
 0001:00012ed4       $L13008                    00413ed4 f   libcpmt:locale0.obj
 0001:00012eed       $L13010                    00413eed f   libcpmt:locale0.obj
 0001:00012f06       __ehhandler$??8locale@std@@QBE_NABV01@@Z 00413f06 f   libcpmt:locale0.obj
 0001:00012f10       $L13072                    00413f10 f   libcpmt:locale0.obj
 0001:00012f18       __ehhandler$??0_Locimp@locale@std@@AAE@_N@Z 00413f18 f   libcpmt:locale0.obj
 0001:00012f22       $L13087                    00413f22 f   libcpmt:locale0.obj
 0001:00012f2a       $L13088                    00413f2a f   libcpmt:locale0.obj
 0001:00012f35       $L13089                    00413f35 f   libcpmt:locale0.obj
 0001:00012f40       $L13090                    00413f40 f   libcpmt:locale0.obj
 0001:00012f4b       $L13091                    00413f4b f   libcpmt:locale0.obj
 0001:00012f56       __ehhandler$??0_Locinfo@std@@QAE@PBD@Z 00413f56 f   libcpmt:locale0.obj
 0001:00012f60       $L13116                    00413f60 f   libcpmt:locale0.obj
 0001:00012f68       $L13117                    00413f68 f   libcpmt:locale0.obj
 0001:00012f72       __ehhandler$?_Init@locale@std@@CAPAV_Locimp@12@XZ 00413f72 f   libcpmt:locale0.obj
 0001:00012f7c       $L13156                    00413f7c f   libcpmt:locale0.obj
 0001:00012f86       __ehhandler$?empty@locale@std@@SA?AV12@XZ 00413f86 f   libcpmt:locale0.obj
 0001:00012f90       _$E1                       00413f90 f   libcpmt:cerr.obj
 0001:00012fa6       _$E4                       00413fa6 f   libcpmt:cerr.obj
 0001:00012fc5       _$E7                       00413fc5 f   libcpmt:cerr.obj
 0001:00012fe4       _$E10                      00413fe4 f   libcpmt:cerr.obj
 0001:00012fee       _$E1                       00413fee f   libcpmt:cout.obj
 0001:00013004       _$E4                       00414004 f   libcpmt:cout.obj
 0001:00013023       _$E7                       00414023 f   libcpmt:cout.obj
 0001:00013042       _$E10                      00414042 f   libcpmt:cout.obj
 0001:0001304c       _$E1                       0041404c f   libcpmt:xlock.obj
 0001:00013062       _$E1                       00414062 f   libcpmt:locale0.obj
 0001:0001306e       _$E1                       0041406e f   libcpmt:iosptrs.obj
 0001:00013084       _$E4                       00414084 f   libcpmt:iosptrs.obj
 0001:00013090       _$E8                       00414090 f   dlltest.obj
 0001:0001309a       _$E6                       0041409a f   dlltest.obj
 0001:000130af       _$E2                       004140af f   libcpmt:cerr.obj
 0001:000130b9       _$E8                       004140b9 f   libcpmt:cerr.obj
 0001:000130d5       _$E5                       004140d5 f   libcpmt:cerr.obj
 0001:000130df       _$E2                       004140df f   libcpmt:cout.obj
 0001:000130e9       _$E8                       004140e9 f   libcpmt:cout.obj
 0001:00013105       _$E5                       00414105 f   libcpmt:cout.obj
 0001:0001310f       _$E2                       0041410f f   libcpmt:xlock.obj
 0001:00013119       _$E2                       00414119 f   libcpmt:locale0.obj
 0001:00013123       _$E2                       00414123 f   libcpmt:iosptrs.obj
 0001:0001312d       _$E5                       0041412d f   libcpmt:iosptrs.obj
